Archive member included to satisfy reference by file (symbol)

/usr/lib/gcc/arm-none-eabi/4.9.3/thumb/libgcc.a(_divsi3.o)
                              Common/Minimal/integer.o (__aeabi_idiv)
/usr/lib/gcc/arm-none-eabi/4.9.3/thumb/libgcc.a(_dvmd_tls.o)
                              /usr/lib/gcc/arm-none-eabi/4.9.3/thumb/libgcc.a(_divsi3.o) (__aeabi_idiv0)
/usr/lib/gcc/arm-none-eabi/4.9.3/../../../arm-none-eabi/lib/thumb/libg.a(lib_a-errno.o)
                              syscalls.o (__errno)
/usr/lib/gcc/arm-none-eabi/4.9.3/../../../arm-none-eabi/lib/thumb/libg.a(lib_a-impure.o)
                              /usr/lib/gcc/arm-none-eabi/4.9.3/../../../arm-none-eabi/lib/thumb/libg.a(lib_a-errno.o) (_impure_ptr)
/usr/lib/gcc/arm-none-eabi/4.9.3/../../../arm-none-eabi/lib/thumb/libg.a(lib_a-memcpy.o)
                              Source/queue.o (memcpy)
/usr/lib/gcc/arm-none-eabi/4.9.3/../../../arm-none-eabi/lib/thumb/libg.a(lib_a-memset.o)
                              Source/tasks.o (memset)
/usr/lib/gcc/arm-none-eabi/4.9.3/../../../arm-none-eabi/lib/thumb/libg.a(lib_a-sprintf.o)
                              Source/tasks.o (sprintf)
/usr/lib/gcc/arm-none-eabi/4.9.3/../../../arm-none-eabi/lib/thumb/libg.a(lib_a-stpcpy.o)
                              Source/tasks.o (stpcpy)
/usr/lib/gcc/arm-none-eabi/4.9.3/../../../arm-none-eabi/lib/thumb/libg.a(lib_a-strlen.o)
                              Source/tasks.o (strlen)
/usr/lib/gcc/arm-none-eabi/4.9.3/../../../arm-none-eabi/lib/thumb/libg.a(lib_a-svfprintf.o)
                              /usr/lib/gcc/arm-none-eabi/4.9.3/../../../arm-none-eabi/lib/thumb/libg.a(lib_a-sprintf.o) (_svfprintf_r)
/usr/lib/gcc/arm-none-eabi/4.9.3/../../../arm-none-eabi/lib/thumb/libg.a(lib_a-dtoa.o)
                              /usr/lib/gcc/arm-none-eabi/4.9.3/../../../arm-none-eabi/lib/thumb/libg.a(lib_a-svfprintf.o) (_dtoa_r)
/usr/lib/gcc/arm-none-eabi/4.9.3/../../../arm-none-eabi/lib/thumb/libg.a(lib_a-locale.o)
                              /usr/lib/gcc/arm-none-eabi/4.9.3/../../../arm-none-eabi/lib/thumb/libg.a(lib_a-svfprintf.o) (_localeconv_r)
/usr/lib/gcc/arm-none-eabi/4.9.3/../../../arm-none-eabi/lib/thumb/libg.a(lib_a-mallocr.o)
                              /usr/lib/gcc/arm-none-eabi/4.9.3/../../../arm-none-eabi/lib/thumb/libg.a(lib_a-svfprintf.o) (_malloc_r)
/usr/lib/gcc/arm-none-eabi/4.9.3/../../../arm-none-eabi/lib/thumb/libg.a(lib_a-memchr.o)
                              /usr/lib/gcc/arm-none-eabi/4.9.3/../../../arm-none-eabi/lib/thumb/libg.a(lib_a-svfprintf.o) (memchr)
/usr/lib/gcc/arm-none-eabi/4.9.3/../../../arm-none-eabi/lib/thumb/libg.a(lib_a-mlock.o)
                              /usr/lib/gcc/arm-none-eabi/4.9.3/../../../arm-none-eabi/lib/thumb/libg.a(lib_a-mallocr.o) (__malloc_lock)
/usr/lib/gcc/arm-none-eabi/4.9.3/../../../arm-none-eabi/lib/thumb/libg.a(lib_a-mprec.o)
                              /usr/lib/gcc/arm-none-eabi/4.9.3/../../../arm-none-eabi/lib/thumb/libg.a(lib_a-dtoa.o) (_Balloc)
/usr/lib/gcc/arm-none-eabi/4.9.3/../../../arm-none-eabi/lib/thumb/libg.a(lib_a-s_fpclassify.o)
                              /usr/lib/gcc/arm-none-eabi/4.9.3/../../../arm-none-eabi/lib/thumb/libg.a(lib_a-svfprintf.o) (__fpclassifyd)
/usr/lib/gcc/arm-none-eabi/4.9.3/../../../arm-none-eabi/lib/thumb/libg.a(lib_a-strcmp.o)
                              /usr/lib/gcc/arm-none-eabi/4.9.3/../../../arm-none-eabi/lib/thumb/libg.a(lib_a-locale.o) (strcmp)
/usr/lib/gcc/arm-none-eabi/4.9.3/../../../arm-none-eabi/lib/thumb/libg.a(lib_a-svfiprintf.o)
                              /usr/lib/gcc/arm-none-eabi/4.9.3/../../../arm-none-eabi/lib/thumb/libg.a(lib_a-svfprintf.o) (__ssprint_r)
/usr/lib/gcc/arm-none-eabi/4.9.3/../../../arm-none-eabi/lib/thumb/libg.a(lib_a-callocr.o)
                              /usr/lib/gcc/arm-none-eabi/4.9.3/../../../arm-none-eabi/lib/thumb/libg.a(lib_a-mprec.o) (_calloc_r)
/usr/lib/gcc/arm-none-eabi/4.9.3/../../../arm-none-eabi/lib/thumb/libg.a(lib_a-freer.o)
                              /usr/lib/gcc/arm-none-eabi/4.9.3/../../../arm-none-eabi/lib/thumb/libg.a(lib_a-mallocr.o) (_free_r)
/usr/lib/gcc/arm-none-eabi/4.9.3/../../../arm-none-eabi/lib/thumb/libg.a(lib_a-memmove.o)
                              /usr/lib/gcc/arm-none-eabi/4.9.3/../../../arm-none-eabi/lib/thumb/libg.a(lib_a-svfiprintf.o) (memmove)
/usr/lib/gcc/arm-none-eabi/4.9.3/../../../arm-none-eabi/lib/thumb/libg.a(lib_a-reallocr.o)
                              /usr/lib/gcc/arm-none-eabi/4.9.3/../../../arm-none-eabi/lib/thumb/libg.a(lib_a-svfiprintf.o) (_realloc_r)
/usr/lib/gcc/arm-none-eabi/4.9.3/thumb/libgcc.a(_udivsi3.o)
                              /usr/lib/gcc/arm-none-eabi/4.9.3/../../../arm-none-eabi/lib/thumb/libg.a(lib_a-dtoa.o) (__aeabi_uidiv)
/usr/lib/gcc/arm-none-eabi/4.9.3/thumb/libgcc.a(_arm_addsubdf3.o)
                              /usr/lib/gcc/arm-none-eabi/4.9.3/../../../arm-none-eabi/lib/thumb/libg.a(lib_a-dtoa.o) (__aeabi_dsub)
[...]
Memory Configuration

Name             Origin             Length             Attributes
flash            0x0000000000100000 0x0000000000040000
ram              0x0000000000200000 0x0000000000010000
*default*        0x0000000000000000 0xffffffffffffffff

Linker script and memory map

LOAD Source/portable/GCC/ARM7_AT91SAM7S/portISR.o
LOAD ./SrcAtmel/Cstartup_SAM7.o
LOAD ./USB/USB_ISR.o
LOAD main.o
LOAD ./ParTest/ParTest.o
LOAD Common/Minimal/BlockQ.o
LOAD Common/Minimal/blocktim.o
LOAD Common/Minimal/flash.o
LOAD Common/Minimal/integer.o
LOAD Common/Minimal/GenQTest.o
LOAD Common/Minimal/QPeek.o
LOAD Common/Minimal/dynamic.o
LOAD Source/list.o
LOAD Source/queue.o
LOAD Source/tasks.o
LOAD Source/croutine.o
LOAD Source/portable/GCC/ARM7_AT91SAM7S/port.o
LOAD Source/portable/MemMang/heap_2.o
LOAD ./LCD/lcd.o
LOAD ./USB/USBSample.o
LOAD syscalls.o
LOAD /tmp/ccpbndOW.o
START GROUP
LOAD /usr/lib/gcc/arm-none-eabi/4.9.3/thumb/libgcc.a
LOAD /usr/lib/gcc/arm-none-eabi/4.9.3/../../../arm-none-eabi/lib/thumb/libg.a
LOAD /usr/lib/gcc/arm-none-eabi/4.9.3/../../../arm-none-eabi/lib/thumb/libc.a
END GROUP
                0x000000000020fffc                __stack_end__ = 0x20fffc
                0x0000000000000000                . = 0x0

startup         0x0000000000100000       0x44
 *(.startup)
 .startup       0x0000000000100000       0x44 /tmp/ccpbndOW.o

prog            0x0000000000100048     0xe464
 *(.text)
 .text          0x0000000000100048      0x250 Source/portable/GCC/ARM7_AT91SAM7S/portISR.o
                0x0000000000100048                vPortISRStartFirstTask
                0x0000000000100094                vPortYieldProcessor
                0x0000000000100138                vPreemptiveTick
                0x00000000001001f0                vPortDisableInterruptsFromThumb
                0x0000000000100208                vPortEnableInterruptsFromThumb
                0x0000000000100220                vPortEnterCritical
                0x000000000010024c                vPortExitCritical
 .text          0x0000000000100298       0xa4 ./SrcAtmel/Cstartup_SAM7.o
                0x0000000000100298                AT91F_LowLevelInit
 .text          0x000000000010033c      0x1b0 ./USB/USB_ISR.o
                0x000000000010033c                vUSB_ISR_Handler
                0x0000000000100444                vUSB_ISR_Wrapper
 .text          0x00000000001004ec      0x1c0 main.o
                0x00000000001004ec                signalErrorTask
                0x00000000001004f0                blinkLedTask
                0x0000000000100528                readInputTask
                0x000000000010057c                applicationStart
                0x0000000000100614                vApplicationIdleHook
                0x0000000000100618                vApplicationTickHook
 .text          0x00000000001006ac       0x68 ./ParTest/ParTest.o
                0x00000000001006ac                vParTestInitialise
                0x00000000001006c0                vParTestSetLED
                0x00000000001006e0                vParTestToggleLED
                0x0000000000100704                uxParTestGetLED
 .text          0x0000000000100714      0x268 Common/Minimal/BlockQ.o
                0x0000000000100794                vStartBlockingQueueTasks
                0x00000000001008f0                xAreBlockingQueuesStillRunning
 .text          0x000000000010097c      0x328 Common/Minimal/blocktim.o
                0x0000000000100c10                vCreateBlockTimeTasks
                0x0000000000100c6c                xAreBlockTimeTestTasksStillRunning
 .text          0x0000000000100ca4       0x94 Common/Minimal/flash.o
                0x0000000000100cf4                vStartLEDFlashTasks
 .text          0x0000000000100d38       0xa4 Common/Minimal/integer.o
                0x0000000000100d9c                vStartIntegerMathTasks
                0x0000000000100dc8                xAreIntegerMathsTaskStillRunning
 .text          0x0000000000100ddc      0x518 Common/Minimal/GenQTest.o
                0x0000000000101220                vStartGenericQueueTasks
                0x00000000001012c4                xAreGenericQueueTasksStillRunning
 .text          0x00000000001012f4      0x33c Common/Minimal/QPeek.o
                0x000000000010156c                vStartQueuePeekTasks
                0x0000000000101610                xAreQueuePeekTasksStillRunning
 .text          0x0000000000101630      0x250 Common/Minimal/dynamic.o
                0x000000000010177c                vStartDynamicPriorityTasks
                0x000000000010183c                xAreDynamicPriorityTasksStillRunning
 .text          0x0000000000101880       0x94 Source/list.o
                0x0000000000101880                vListInitialise
                0x0000000000101898                vListInitialiseItem
                0x00000000001018a0                vListInsertEnd
                0x00000000001018b8                vListInsert
                0x00000000001018ec                uxListRemove
 .text          0x0000000000101914      0xbb4 Source/queue.o
                0x0000000000101914                xQueueGenericReset
                0x000000000010197c                xQueueGenericCreate
                0x00000000001019fc                xQueueGenericSend
                0x0000000000101d54                xQueueCreateMutex
                0x0000000000101da0                xQueueGenericSendFromISR
                0x0000000000101e5c                xQueueGiveFromISR
                0x0000000000101ea0                xQueueGenericReceive
                0x00000000001021c4                xQueueReceiveFromISR
                0x000000000010222c                xQueuePeekFromISR
                0x0000000000102264                uxQueueMessagesWaiting
                0x000000000010227c                uxQueueSpacesAvailable
                0x0000000000102298                uxQueueMessagesWaitingFromISR
                0x000000000010229c                vQueueDelete
                0x00000000001022a8                uxQueueGetQueueNumber
                0x00000000001022ac                vQueueSetQueueNumber
                0x00000000001022b0                ucQueueGetQueueType
                0x00000000001022b8                xQueueIsQueueEmptyFromISR
                0x00000000001022c0                xQueueIsQueueFullFromISR
                0x00000000001022cc                xQueueCRSend
                0x0000000000102380                xQueueCRReceive
                0x0000000000102408                xQueueCRSendFromISR
                0x0000000000102470                xQueueCRReceiveFromISR
 .text          0x00000000001024c8     0x1644 Source/tasks.o
                0x00000000001024c8                xTaskGenericCreate
                0x00000000001026c8                vTaskDelete
                0x0000000000102750                eTaskGetState
                0x00000000001027a8                uxTaskPriorityGet
                0x00000000001027cc                uxTaskPriorityGetFromISR
                0x00000000001027e0                vTaskPrioritySet
                0x00000000001028a0                vTaskSuspend
                0x0000000000102974                vTaskResume
                0x00000000001029e4                xTaskResumeFromISR
                0x0000000000102a60                vTaskStartScheduler
                0x0000000000102bf4                vTaskEndScheduler
                0x0000000000102c10                vTaskSuspendAll
                0x0000000000102c20                xTaskGetTickCount
                0x0000000000102c3c                xTaskGetTickCountFromISR
                0x0000000000102c48                uxTaskGetNumberOfTasks
                0x0000000000102c54                xTaskIncrementTick
                0x0000000000102d6c                xTaskResumeAll
                0x0000000000102e2c                vTaskDelayUntil
                0x0000000000102e9c                vTaskDelay
                0x0000000000102f5c                uxTaskGetSystemState
                0x00000000001032f8                vTaskSwitchContext
                0x0000000000103354                vTaskPlaceOnEventList
                0x00000000001033b8                vTaskPlaceOnUnorderedEventList
                0x0000000000103428                xTaskRemoveFromEventList
                0x0000000000103494                xTaskRemoveFromUnorderedEventList
                0x00000000001034ec                vTaskSetTimeOutState
                0x00000000001034fc                xTaskCheckForTimeOut
                0x0000000000103558                vTaskMissedYield
                0x0000000000103564                uxTaskGetTaskNumber
                0x0000000000103570                vTaskSetTaskNumber
                0x0000000000103578                xTaskGetCurrentTaskHandle
                0x0000000000103584                vTaskPriorityInherit
                0x00000000001035f8                xTaskPriorityDisinherit
                0x0000000000103654                vTaskList
                0x0000000000103770                uxTaskResetEventItemValue
                0x0000000000103788                pvTaskIncrementMutexHeldCount
                0x00000000001037a0                ulTaskNotifyTake
                0x000000000010384c                xTaskNotifyWait
                0x0000000000103920                xTaskGenericNotify
                0x00000000001039bc                xTaskGenericNotifyFromISR
                0x0000000000103a64                vTaskNotifyGiveFromISR
                0x0000000000103adc                xTaskNotifyStateClear
 .text          0x0000000000103b0c      0x288 Source/croutine.o
                0x0000000000103b0c                xCoRoutineCreate
                0x0000000000103bcc                vCoRoutineAddToDelayedList
                0x0000000000103c10                vCoRoutineSchedule
                0x0000000000103d5c                xCoRoutineRemoveFromEventList
 .text          0x0000000000103d94       0xec Source/portable/GCC/ARM7_AT91SAM7S/port.o
                0x0000000000103d94                pxPortInitialiseStack
                0x0000000000103e38                xPortStartScheduler
                0x0000000000103e7c                vPortEndScheduler
 .text          0x0000000000103e80      0x114 Source/portable/MemMang/heap_2.o
                0x0000000000103e80                pvPortMalloc
                0x0000000000103f44                vPortFree
                0x0000000000103f84                xPortGetFreeHeapSize
                0x0000000000103f90                vPortInitialiseBlocks
 .text          0x0000000000103f94     0x1054 ./LCD/lcd.o
                0x0000000000103f94                Delaya
                0x0000000000103f98                Delay_
                0x0000000000103fac                InitLCD
                0x0000000000104018                WriteSpiCommand
                0x0000000000104038                WriteSpiData
                0x0000000000104054                Backlight
                0x000000000010406c                SetContrast
                0x00000000001040a0                LCDSettings
                0x00000000001044d0                LCDWrite130x130bmp
                0x00000000001045b0                LCDClearScreen
                0x0000000000104670                LCDSetXY
                0x00000000001046e8                LCDSetPixel
                0x00000000001047b4                LCDSetLine
                0x0000000000104880                LCDSetRect
                0x0000000000104bf8                LCDSetCircle
                0x0000000000104d24                LCDPutChar
                0x0000000000104eb4                LCDPutStr
                0x0000000000104f4c                Delay
                0x0000000000104f50                LCDScroll
                0x0000000000104fe4                bau
 .text          0x0000000000104fe8      0x5f8 ./USB/USBSample.o
                0x00000000001055a4                vStartUSBTask
 .text          0x00000000001055e0       0x78 syscalls.o
                0x00000000001055e0                _read_r
                0x00000000001055f4                _lseek_r
                0x00000000001055f8                _write_r
                0x00000000001055fc                _close_r
                0x0000000000105600                _sbrk_r
                0x0000000000105638                _fstat_r
                0x0000000000105654                _isatty_r
 .text          0x0000000000105658       0xd0 /tmp/ccpbndOW.o
                0x0000000000105658                start
                0x0000000000105708                endless_loop
 .text          0x0000000000105728      0x150 /usr/lib/gcc/arm-none-eabi/4.9.3/thumb/libgcc.a(_divsi3.o)
                0x0000000000105728                __aeabi_idiv
                0x0000000000105728                __divsi3
                0x0000000000105858                __aeabi_idivmod
 .text          0x0000000000105878        0x4 /usr/lib/gcc/arm-none-eabi/4.9.3/thumb/libgcc.a(_dvmd_tls.o)
                0x0000000000105878                __aeabi_ldiv0
                0x0000000000105878                __aeabi_idiv0
 .text          0x000000000010587c        0x0 /usr/lib/gcc/arm-none-eabi/4.9.3/../../../arm-none-eabi/lib/thumb/libg.a(lib_a-errno.o)
 .text          0x000000000010587c        0x0 /usr/lib/gcc/arm-none-eabi/4.9.3/../../../arm-none-eabi/lib/thumb/libg.a(lib_a-impure.o)
 .text          0x000000000010587c        0x0 /usr/lib/gcc/arm-none-eabi/4.9.3/../../../arm-none-eabi/lib/thumb/libg.a(lib_a-memcpy.o)
 .text          0x000000000010587c        0x0 /usr/lib/gcc/arm-none-eabi/4.9.3/../../../arm-none-eabi/lib/thumb/libg.a(lib_a-memset.o)
 .text          0x000000000010587c        0x0 /usr/lib/gcc/arm-none-eabi/4.9.3/../../../arm-none-eabi/lib/thumb/libg.a(lib_a-sprintf.o)
 .text          0x000000000010587c        0x0 /usr/lib/gcc/arm-none-eabi/4.9.3/../../../arm-none-eabi/lib/thumb/libg.a(lib_a-stpcpy.o)
 .text          0x000000000010587c        0x0 /usr/lib/gcc/arm-none-eabi/4.9.3/../../../arm-none-eabi/lib/thumb/libg.a(lib_a-strlen.o)
 .text          0x000000000010587c        0x0 /usr/lib/gcc/arm-none-eabi/4.9.3/../../../arm-none-eabi/lib/thumb/libg.a(lib_a-svfprintf.o)
 .text          0x000000000010587c        0x0 /usr/lib/gcc/arm-none-eabi/4.9.3/../../../arm-none-eabi/lib/thumb/libg.a(lib_a-dtoa.o)
 .text          0x000000000010587c        0x0 /usr/lib/gcc/arm-none-eabi/4.9.3/../../../arm-none-eabi/lib/thumb/libg.a(lib_a-locale.o)
 .text          0x000000000010587c        0x0 /usr/lib/gcc/arm-none-eabi/4.9.3/../../../arm-none-eabi/lib/thumb/libg.a(lib_a-mallocr.o)
 .text          0x000000000010587c        0x0 /usr/lib/gcc/arm-none-eabi/4.9.3/../../../arm-none-eabi/lib/thumb/libg.a(lib_a-memchr.o)
 .text          0x000000000010587c        0x0 /usr/lib/gcc/arm-none-eabi/4.9.3/../../../arm-none-eabi/lib/thumb/libg.a(lib_a-mlock.o)
 .text          0x000000000010587c        0x0 /usr/lib/gcc/arm-none-eabi/4.9.3/../../../arm-none-eabi/lib/thumb/libg.a(lib_a-mprec.o)
 .text          0x000000000010587c        0x0 /usr/lib/gcc/arm-none-eabi/4.9.3/../../../arm-none-eabi/lib/thumb/libg.a(lib_a-s_fpclassify.o)
 .text          0x000000000010587c      0x224 /usr/lib/gcc/arm-none-eabi/4.9.3/../../../arm-none-eabi/lib/thumb/libg.a(lib_a-strcmp.o)
                0x000000000010587c                strcmp
 .text          0x0000000000105aa0        0x0 /usr/lib/gcc/arm-none-eabi/4.9.3/../../../arm-none-eabi/lib/thumb/libg.a(lib_a-svfiprintf.o)
 .text          0x0000000000105aa0        0x0 /usr/lib/gcc/arm-none-eabi/4.9.3/../../../arm-none-eabi/lib/thumb/libg.a(lib_a-callocr.o)
 .text          0x0000000000105aa0        0x0 /usr/lib/gcc/arm-none-eabi/4.9.3/../../../arm-none-eabi/lib/thumb/libg.a(lib_a-freer.o)
 .text          0x0000000000105aa0        0x0 /usr/lib/gcc/arm-none-eabi/4.9.3/../../../arm-none-eabi/lib/thumb/libg.a(lib_a-memmove.o)
 .text          0x0000000000105aa0        0x0 /usr/lib/gcc/arm-none-eabi/4.9.3/../../../arm-none-eabi/lib/thumb/libg.a(lib_a-reallocr.o)
 .text          0x0000000000105aa0      0x11c /usr/lib/gcc/arm-none-eabi/4.9.3/thumb/libgcc.a(_udivsi3.o)
                0x0000000000105aa0                __udivsi3
                0x0000000000105aa0                __aeabi_uidiv
                0x0000000000105b9c                __aeabi_uidivmod
 .text          0x0000000000105bbc      0x41c /usr/lib/gcc/arm-none-eabi/4.9.3/thumb/libgcc.a(_arm_addsubdf3.o)
                0x0000000000105bbc                __aeabi_drsub
                0x0000000000105bc4                __aeabi_dsub
                0x0000000000105bc4                __subdf3
                0x0000000000105bc8                __adddf3
                0x0000000000105bc8                __aeabi_dadd
                0x0000000000105ed8                __aeabi_ui2d
                0x0000000000105ed8                __floatunsidf
                0x0000000000105efc                __floatsidf
                0x0000000000105efc                __aeabi_i2d
                0x0000000000105f24                __extendsfdf2
                0x0000000000105f24                __aeabi_f2d
                0x0000000000105f64                __aeabi_ul2d
                0x0000000000105f64                __floatundidf
                0x0000000000105f78                __floatdidf
                0x0000000000105f78                __aeabi_l2d
 .text          0x0000000000105fd8      0x49c /usr/lib/gcc/arm-none-eabi/4.9.3/thumb/libgcc.a(_arm_muldivdf3.o)
                0x0000000000105fd8                __aeabi_dmul
                0x0000000000105fd8                __muldf3
                0x0000000000106268                __aeabi_ddiv
                0x0000000000106268                __divdf3
 .text          0x0000000000106474      0x144 /usr/lib/gcc/arm-none-eabi/4.9.3/thumb/libgcc.a(_arm_cmpdf2.o)
                0x0000000000106474                __gtdf2
                0x0000000000106474                __gedf2
                0x000000000010647c                __ltdf2
                0x000000000010647c                __ledf2
                0x0000000000106484                __cmpdf2
                0x0000000000106484                __eqdf2
                0x0000000000106484                __nedf2
                0x000000000010650c                __aeabi_cdrcmple
                0x0000000000106528                __aeabi_cdcmple
                0x0000000000106528                __aeabi_cdcmpeq
                0x0000000000106540                __aeabi_dcmpeq
                0x0000000000106558                __aeabi_dcmplt
                0x0000000000106570                __aeabi_dcmple
                0x0000000000106588                __aeabi_dcmpge
                0x00000000001065a0                __aeabi_dcmpgt
 .text          0x00000000001065b8       0x5c /usr/lib/gcc/arm-none-eabi/4.9.3/thumb/libgcc.a(_arm_fixdfsi.o)
                0x00000000001065b8                __fixdfsi
                0x00000000001065b8                __aeabi_d2iz
 .text          0x0000000000106614       0x3c /usr/lib/gcc/arm-none-eabi/4.9.3/thumb/libgcc.a(_aeabi_uldivmod.o)
                0x0000000000106614                __aeabi_uldivmod
 .text          0x0000000000106650       0x74 /usr/lib/gcc/arm-none-eabi/4.9.3/thumb/libgcc.a(bpabi.o)
                0x0000000000106650                __gnu_ldivmod_helper
                0x000000000010668c                __gnu_uldivmod_helper
 .text          0x00000000001066c4       0x60 /usr/lib/gcc/arm-none-eabi/4.9.3/thumb/libgcc.a(_muldi3.o)
                0x00000000001066c4                __aeabi_lmul
                0x00000000001066c4                __muldi3
 .text          0x0000000000106724      0x1f4 /usr/lib/gcc/arm-none-eabi/4.9.3/thumb/libgcc.a(_divdi3.o)
                0x0000000000106724                __divdi3
 .text          0x0000000000106918      0x15c /usr/lib/gcc/arm-none-eabi/4.9.3/thumb/libgcc.a(_udivdi3.o)
                0x0000000000106918                __udivdi3
 .text          0x0000000000106a74       0x28 /usr/lib/gcc/arm-none-eabi/4.9.3/thumb/libgcc.a(_clzdi2.o)
                0x0000000000106a74                __clzdi2
 .text          0x0000000000106a9c       0x48 /usr/lib/gcc/arm-none-eabi/4.9.3/thumb/libgcc.a(_clzsi2.o)
                0x0000000000106a9c                __clzsi2
 *fill*         0x0000000000106ae4        0x4 
 .text.__stub   0x0000000000106ae8       0x80 linker stubs
 *(.rodata)
 .rodata        0x0000000000106b80       0x10 ./ParTest/ParTest.o
                0x0000000000106b80                ulLED_Mask
 .rodata        0x0000000000106b90        0x4 Source/tasks.o
 .rodata        0x0000000000106b94     0x7244 ./LCD/lcd.o
                0x0000000000106b94                bmp
                0x000000000010d1b8                FONT8x16
                0x000000000010d7c8                FONT8x8
                0x000000000010dad0                FONT6x8
 .rodata        0x000000000010ddd8      0x12e ./USB/USBSample.o
                0x000000000010de14                pxDeviceDescriptor
                0x000000000010de28                pxConfigDescriptor
                0x000000000010de4c                pxLanguageStringDescriptor
                0x000000000010de50                pxManufacturerStringDescriptor
                0x000000000010de64                pxProductStringDescriptor
                0x000000000010de8c                pxConfigurationStringDescriptor
                0x000000000010deb4                pxInterfaceStringDescriptor
                0x000000000010ded4                pxReportDescriptor
 *(.rodata*)
 *fill*         0x000000000010df06        0x2 
 .rodata.str1.4
                0x000000000010df08       0x3d main.o
 *fill*         0x000000000010df45        0x3 
 .rodata.str1.4
                0x000000000010df48       0x30 Common/Minimal/BlockQ.o
 .rodata.str1.4
                0x000000000010df78        0xf Common/Minimal/blocktim.o
 *fill*         0x000000000010df87        0x1 
 .rodata.str1.4
                0x000000000010df88        0x5 Common/Minimal/flash.o
 *fill*         0x000000000010df8d        0x3 
 .rodata.str1.4
                0x000000000010df90        0x8 Common/Minimal/integer.o
 .rodata.str1.4
                0x000000000010df98       0x1f Common/Minimal/GenQTest.o
 *fill*         0x000000000010dfb7        0x1 
 .rodata.str1.4
                0x000000000010dfb8       0x1f Common/Minimal/QPeek.o
 *fill*         0x000000000010dfd7        0x1 
 .rodata.str1.4
                0x000000000010dfd8       0x28 Common/Minimal/dynamic.o
 .rodata.str1.4
                0x000000000010e000        0xf Source/tasks.o
 *fill*         0x000000000010e00f        0x1 
 .rodata.str1.4
                0x000000000010e010        0x4 ./USB/USBSample.o
 .rodata.str1.4
                0x000000000010e014        0x2 /usr/lib/gcc/arm-none-eabi/4.9.3/../../../arm-none-eabi/lib/thumb/libg.a(lib_a-impure.o)
                                          0x4 (size before relaxing)
 *fill*         0x000000000010e016        0x2 
 .rodata._global_impure_ptr
                0x000000000010e018        0x4 /usr/lib/gcc/arm-none-eabi/4.9.3/../../../arm-none-eabi/lib/thumb/libg.a(lib_a-impure.o)
                0x000000000010e018                _global_impure_ptr
 .rodata._svfprintf_r
                0x000000000010e01c      0x164 /usr/lib/gcc/arm-none-eabi/4.9.3/../../../arm-none-eabi/lib/thumb/libg.a(lib_a-svfprintf.o)
 .rodata.zeroes.6911
                0x000000000010e180       0x10 /usr/lib/gcc/arm-none-eabi/4.9.3/../../../arm-none-eabi/lib/thumb/libg.a(lib_a-svfprintf.o)
 .rodata.blanks.6910
                0x000000000010e190       0x10 /usr/lib/gcc/arm-none-eabi/4.9.3/../../../arm-none-eabi/lib/thumb/libg.a(lib_a-svfprintf.o)
 .rodata.str1.4
                0x000000000010e1a0       0x42 /usr/lib/gcc/arm-none-eabi/4.9.3/../../../arm-none-eabi/lib/thumb/libg.a(lib_a-svfprintf.o)
                                         0x44 (size before relaxing)
 *fill*         0x000000000010e1e2        0x2 
 .rodata.str1.4
                0x000000000010e1e4       0x10 /usr/lib/gcc/arm-none-eabi/4.9.3/../../../arm-none-eabi/lib/thumb/libg.a(lib_a-dtoa.o)
                                         0x14 (size before relaxing)
 .rodata.str1.4
                0x000000000010e1f4        0xc /usr/lib/gcc/arm-none-eabi/4.9.3/../../../arm-none-eabi/lib/thumb/libg.a(lib_a-locale.o)
                                         0x14 (size before relaxing)
 *fill*         0x000000000010e200        0x0 
 .rodata.__mprec_tens
                0x000000000010e200       0xc8 /usr/lib/gcc/arm-none-eabi/4.9.3/../../../arm-none-eabi/lib/thumb/libg.a(lib_a-mprec.o)
                0x000000000010e200                __mprec_tens
 .rodata.p05.5302
                0x000000000010e2c8        0xc /usr/lib/gcc/arm-none-eabi/4.9.3/../../../arm-none-eabi/lib/thumb/libg.a(lib_a-mprec.o)
 *fill*         0x000000000010e2d4        0x4 
 .rodata.__mprec_bigtens
                0x000000000010e2d8       0x28 /usr/lib/gcc/arm-none-eabi/4.9.3/../../../arm-none-eabi/lib/thumb/libg.a(lib_a-mprec.o)
                0x000000000010e2d8                __mprec_bigtens
 .rodata.__mprec_tinytens
                0x000000000010e300       0x28 /usr/lib/gcc/arm-none-eabi/4.9.3/../../../arm-none-eabi/lib/thumb/libg.a(lib_a-mprec.o)
                0x000000000010e300                __mprec_tinytens
 .rodata._svfiprintf_r
                0x000000000010e328      0x164 /usr/lib/gcc/arm-none-eabi/4.9.3/../../../arm-none-eabi/lib/thumb/libg.a(lib_a-svfiprintf.o)
 .rodata.blanks.6854
                0x000000000010e48c       0x10 /usr/lib/gcc/arm-none-eabi/4.9.3/../../../arm-none-eabi/lib/thumb/libg.a(lib_a-svfiprintf.o)
 .rodata.str1.4
                0x000000000010e49c       0x30 /usr/lib/gcc/arm-none-eabi/4.9.3/../../../arm-none-eabi/lib/thumb/libg.a(lib_a-svfiprintf.o)
 .rodata.zeroes.6855
                0x000000000010e49c       0x10 /usr/lib/gcc/arm-none-eabi/4.9.3/../../../arm-none-eabi/lib/thumb/libg.a(lib_a-svfiprintf.o)
 *(.glue_7)
 .glue_7        0x000000000010e4ac        0x0 linker stubs
 *(.glue_7t)
 .glue_7t       0x000000000010e4ac        0x0 linker stubs
                0x000000000010e4cc                __end_of_text__ = .
                0x000000000010e4ac                __data_beg_src__ = __end_of_text__

.vfp11_veneer   0x000000000010e4ac        0x0
 .vfp11_veneer  0x000000000010e4ac        0x0 linker stubs

.v4_bx          0x000000000010e4ac        0x0
 .v4_bx         0x000000000010e4ac        0x0 linker stubs

.iplt           0x000000000010e4ac        0x0
 .iplt          0x000000000010e4ac        0x0 Source/portable/GCC/ARM7_AT91SAM7S/portISR.o

.text.startup   0x000000000010e4b0       0x78
 .text.startup  0x000000000010e4b0       0x6c main.o
                0x000000000010e4b0                main
 *fill*         0x000000000010e51c        0x4 
 .text.startup.__stub
                0x000000000010e520        0x8 linker stubs

.text.__errno   0x000000000010e528        0xc
 .text.__errno  0x000000000010e528        0xc /usr/lib/gcc/arm-none-eabi/4.9.3/../../../arm-none-eabi/lib/thumb/libg.a(lib_a-errno.o)
                0x000000000010e528                __errno

.text.memcpy    0x000000000010e534       0x80
 .text.memcpy   0x000000000010e534       0x80 /usr/lib/gcc/arm-none-eabi/4.9.3/../../../arm-none-eabi/lib/thumb/libg.a(lib_a-memcpy.o)
                0x000000000010e534                memcpy

.text.memset    0x000000000010e5b4       0x94
 .text.memset   0x000000000010e5b4       0x94 /usr/lib/gcc/arm-none-eabi/4.9.3/../../../arm-none-eabi/lib/thumb/libg.a(lib_a-memset.o)
                0x000000000010e5b4                memset

.text._sprintf_r
                0x000000000010e648       0x40
 .text._sprintf_r
                0x000000000010e648       0x40 /usr/lib/gcc/arm-none-eabi/4.9.3/../../../arm-none-eabi/lib/thumb/libg.a(lib_a-sprintf.o)
                0x000000000010e648                _sprintf_r

.text.sprintf   0x000000000010e688       0x44
 .text.sprintf  0x000000000010e688       0x44 /usr/lib/gcc/arm-none-eabi/4.9.3/../../../arm-none-eabi/lib/thumb/libg.a(lib_a-sprintf.o)
                0x000000000010e688                sprintf

.text.stpcpy    0x000000000010e6cc       0x4c
 .text.stpcpy   0x000000000010e6cc       0x4c /usr/lib/gcc/arm-none-eabi/4.9.3/../../../arm-none-eabi/lib/thumb/libg.a(lib_a-stpcpy.o)
                0x000000000010e6cc                stpcpy

.text.strlen    0x000000000010e718       0x6c
 .text.strlen   0x000000000010e718       0x6c /usr/lib/gcc/arm-none-eabi/4.9.3/../../../arm-none-eabi/lib/thumb/libg.a(lib_a-strlen.o)
                0x000000000010e718                strlen

.text._svfprintf_r
                0x000000000010e788     0x14a8
 .text._svfprintf_r
                0x000000000010e788     0x147c /usr/lib/gcc/arm-none-eabi/4.9.3/../../../arm-none-eabi/lib/thumb/libg.a(lib_a-svfprintf.o)
                0x000000000010e788                _svfprintf_r
 *fill*         0x000000000010fc04        0x4 
 .text._svfprintf_r.__stub
                0x000000000010fc08       0x28 linker stubs

.text.quorem    0x000000000010fc30      0x168
 .text.quorem   0x000000000010fc30      0x160 /usr/lib/gcc/arm-none-eabi/4.9.3/../../../arm-none-eabi/lib/thumb/libg.a(lib_a-dtoa.o)
 .text.quorem.__stub
                0x000000000010fd90        0x8 linker stubs

.text._dtoa_r   0x000000000010fd98     0x1088
 .text._dtoa_r  0x000000000010fd98     0x102c /usr/lib/gcc/arm-none-eabi/4.9.3/../../../arm-none-eabi/lib/thumb/libg.a(lib_a-dtoa.o)
                0x000000000010fd98                _dtoa_r
 *fill*         0x0000000000110dc4        0x4 
 .text._dtoa_r.__stub
                0x0000000000110dc8       0x58 linker stubs

.text._setlocale_r
                0x0000000000110e20       0x50
 .text._setlocale_r
                0x0000000000110e20       0x48 /usr/lib/gcc/arm-none-eabi/4.9.3/../../../arm-none-eabi/lib/thumb/libg.a(lib_a-locale.o)
                0x0000000000110e20                _setlocale_r
 .text._setlocale_r.__stub
                0x0000000000110e68        0x8 linker stubs

.text.__locale_charset
                0x0000000000110e70        0x8
 .text.__locale_charset
                0x0000000000110e70        0x8 /usr/lib/gcc/arm-none-eabi/4.9.3/../../../arm-none-eabi/lib/thumb/libg.a(lib_a-locale.o)
                0x0000000000110e70                __locale_charset

.text.__locale_mb_cur_max
                0x0000000000110e78        0xc
 .text.__locale_mb_cur_max
                0x0000000000110e78        0xc /usr/lib/gcc/arm-none-eabi/4.9.3/../../../arm-none-eabi/lib/thumb/libg.a(lib_a-locale.o)
                0x0000000000110e78                __locale_mb_cur_max

.text.__locale_msgcharset
                0x0000000000110e84        0x8
 .text.__locale_msgcharset
                0x0000000000110e84        0x8 /usr/lib/gcc/arm-none-eabi/4.9.3/../../../arm-none-eabi/lib/thumb/libg.a(lib_a-locale.o)
                0x0000000000110e84                __locale_msgcharset

.text.__locale_cjk_lang
                0x0000000000110e8c        0x4
 .text.__locale_cjk_lang
                0x0000000000110e8c        0x4 /usr/lib/gcc/arm-none-eabi/4.9.3/../../../arm-none-eabi/lib/thumb/libg.a(lib_a-locale.o)
                0x0000000000110e8c                __locale_cjk_lang

.text._localeconv_r
                0x0000000000110e90        0x8
 .text._localeconv_r
                0x0000000000110e90        0x8 /usr/lib/gcc/arm-none-eabi/4.9.3/../../../arm-none-eabi/lib/thumb/libg.a(lib_a-locale.o)
                0x0000000000110e90                _localeconv_r

.text.setlocale
                0x0000000000110e98       0x1c
 .text.setlocale
                0x0000000000110e98       0x1c /usr/lib/gcc/arm-none-eabi/4.9.3/../../../arm-none-eabi/lib/thumb/libg.a(lib_a-locale.o)
                0x0000000000110e98                setlocale

.text.localeconv
                0x0000000000110eb4        0x8
 .text.localeconv
                0x0000000000110eb4        0x8 /usr/lib/gcc/arm-none-eabi/4.9.3/../../../arm-none-eabi/lib/thumb/libg.a(lib_a-locale.o)
                0x0000000000110eb4                localeconv

.text._malloc_r
                0x0000000000110ebc      0x54c
 .text._malloc_r
                0x0000000000110ebc      0x54c /usr/lib/gcc/arm-none-eabi/4.9.3/../../../arm-none-eabi/lib/thumb/libg.a(lib_a-mallocr.o)
                0x0000000000110ebc                _malloc_r

.text.memchr    0x0000000000111408       0x8c
 .text.memchr   0x0000000000111408       0x8c /usr/lib/gcc/arm-none-eabi/4.9.3/../../../arm-none-eabi/lib/thumb/libg.a(lib_a-memchr.o)
                0x0000000000111408                memchr

.text.__malloc_lock
                0x0000000000111494        0x4
 .text.__malloc_lock
                0x0000000000111494        0x4 /usr/lib/gcc/arm-none-eabi/4.9.3/../../../arm-none-eabi/lib/thumb/libg.a(lib_a-mlock.o)
                0x0000000000111494                __malloc_lock

.text.__malloc_unlock
                0x0000000000111498        0x4
 .text.__malloc_unlock
                0x0000000000111498        0x4 /usr/lib/gcc/arm-none-eabi/4.9.3/../../../arm-none-eabi/lib/thumb/libg.a(lib_a-mlock.o)
                0x0000000000111498                __malloc_unlock

.text._Balloc   0x000000000011149c       0x54
 .text._Balloc  0x000000000011149c       0x54 /usr/lib/gcc/arm-none-eabi/4.9.3/../../../arm-none-eabi/lib/thumb/libg.a(lib_a-mprec.o)
                0x000000000011149c                _Balloc

.text._Bfree    0x00000000001114f0       0x14
 .text._Bfree   0x00000000001114f0       0x14 /usr/lib/gcc/arm-none-eabi/4.9.3/../../../arm-none-eabi/lib/thumb/libg.a(lib_a-mprec.o)
                0x00000000001114f0                _Bfree

.text.__multadd
                0x0000000000111504       0x98
 .text.__multadd
                0x0000000000111504       0x98 /usr/lib/gcc/arm-none-eabi/4.9.3/../../../arm-none-eabi/lib/thumb/libg.a(lib_a-mprec.o)
                0x0000000000111504                __multadd

.text.__s2b     0x00000000001115a0       0xa0
 .text.__s2b    0x00000000001115a0       0x98 /usr/lib/gcc/arm-none-eabi/4.9.3/../../../arm-none-eabi/lib/thumb/libg.a(lib_a-mprec.o)
                0x00000000001115a0                __s2b
 .text.__s2b.__stub
                0x0000000000111638        0x8 linker stubs

.text.__hi0bits
                0x0000000000111640       0x3c
 .text.__hi0bits
                0x0000000000111640       0x3c /usr/lib/gcc/arm-none-eabi/4.9.3/../../../arm-none-eabi/lib/thumb/libg.a(lib_a-mprec.o)
                0x0000000000111640                __hi0bits

.text.__lo0bits
                0x000000000011167c       0x5c
 .text.__lo0bits
                0x000000000011167c       0x5c /usr/lib/gcc/arm-none-eabi/4.9.3/../../../arm-none-eabi/lib/thumb/libg.a(lib_a-mprec.o)
                0x000000000011167c                __lo0bits

.text.__i2b     0x00000000001116d8       0x18
 .text.__i2b    0x00000000001116d8       0x18 /usr/lib/gcc/arm-none-eabi/4.9.3/../../../arm-none-eabi/lib/thumb/libg.a(lib_a-mprec.o)
                0x00000000001116d8                __i2b

.text.__multiply
                0x00000000001116f0      0x170
 .text.__multiply
                0x00000000001116f0      0x170 /usr/lib/gcc/arm-none-eabi/4.9.3/../../../arm-none-eabi/lib/thumb/libg.a(lib_a-mprec.o)
                0x00000000001116f0                __multiply

.text.__pow5mult
                0x0000000000111860       0xc0
 .text.__pow5mult
                0x0000000000111860       0xc0 /usr/lib/gcc/arm-none-eabi/4.9.3/../../../arm-none-eabi/lib/thumb/libg.a(lib_a-mprec.o)
                0x0000000000111860                __pow5mult

.text.__lshift  0x0000000000111920       0xd0
 .text.__lshift
                0x0000000000111920       0xd0 /usr/lib/gcc/arm-none-eabi/4.9.3/../../../arm-none-eabi/lib/thumb/libg.a(lib_a-mprec.o)
                0x0000000000111920                __lshift

.text.__mcmp    0x00000000001119f0       0x3c
 .text.__mcmp   0x00000000001119f0       0x3c /usr/lib/gcc/arm-none-eabi/4.9.3/../../../arm-none-eabi/lib/thumb/libg.a(lib_a-mprec.o)
                0x00000000001119f0                __mcmp

.text.__mdiff   0x0000000000111a2c       0xf0
 .text.__mdiff  0x0000000000111a2c       0xf0 /usr/lib/gcc/arm-none-eabi/4.9.3/../../../arm-none-eabi/lib/thumb/libg.a(lib_a-mprec.o)
                0x0000000000111a2c                __mdiff

.text.__ulp     0x0000000000111b1c       0x4c
 .text.__ulp    0x0000000000111b1c       0x4c /usr/lib/gcc/arm-none-eabi/4.9.3/../../../arm-none-eabi/lib/thumb/libg.a(lib_a-mprec.o)
                0x0000000000111b1c                __ulp

.text.__b2d     0x0000000000111b68       0xe0
 .text.__b2d    0x0000000000111b68       0xe0 /usr/lib/gcc/arm-none-eabi/4.9.3/../../../arm-none-eabi/lib/thumb/libg.a(lib_a-mprec.o)
                0x0000000000111b68                __b2d

.text.__d2b     0x0000000000111c48       0xc0
 .text.__d2b    0x0000000000111c48       0xc0 /usr/lib/gcc/arm-none-eabi/4.9.3/../../../arm-none-eabi/lib/thumb/libg.a(lib_a-mprec.o)
                0x0000000000111c48                __d2b

.text.__ratio   0x0000000000111d08       0x80
 .text.__ratio  0x0000000000111d08       0x74 /usr/lib/gcc/arm-none-eabi/4.9.3/../../../arm-none-eabi/lib/thumb/libg.a(lib_a-mprec.o)
                0x0000000000111d08                __ratio
 *fill*         0x0000000000111d7c        0x4 
 .text.__ratio.__stub
                0x0000000000111d80        0x8 linker stubs

.text._mprec_log10
                0x0000000000111d88       0x40
 .text._mprec_log10
                0x0000000000111d88       0x38 /usr/lib/gcc/arm-none-eabi/4.9.3/../../../arm-none-eabi/lib/thumb/libg.a(lib_a-mprec.o)
                0x0000000000111d88                _mprec_log10
 .text._mprec_log10.__stub
                0x0000000000111dc0        0x8 linker stubs

.text.__copybits
                0x0000000000111dc8       0x44
 .text.__copybits
                0x0000000000111dc8       0x44 /usr/lib/gcc/arm-none-eabi/4.9.3/../../../arm-none-eabi/lib/thumb/libg.a(lib_a-mprec.o)
                0x0000000000111dc8                __copybits

.text.__any_on  0x0000000000111e0c       0x64
 .text.__any_on
                0x0000000000111e0c       0x64 /usr/lib/gcc/arm-none-eabi/4.9.3/../../../arm-none-eabi/lib/thumb/libg.a(lib_a-mprec.o)
                0x0000000000111e0c                __any_on

.text.__fpclassifyd
                0x0000000000111e70       0x5c
 .text.__fpclassifyd
                0x0000000000111e70       0x5c /usr/lib/gcc/arm-none-eabi/4.9.3/../../../arm-none-eabi/lib/thumb/libg.a(lib_a-s_fpclassify.o)
                0x0000000000111e70                __fpclassifyd

.text.__ssprint_r
                0x0000000000111ecc      0x134
 .text.__ssprint_r
                0x0000000000111ecc      0x134 /usr/lib/gcc/arm-none-eabi/4.9.3/../../../arm-none-eabi/lib/thumb/libg.a(lib_a-svfiprintf.o)
                0x0000000000111ecc                __ssprint_r

.text._svfiprintf_r
                0x0000000000112000      0x9e0
 .text._svfiprintf_r
                0x0000000000112000      0x9d8 /usr/lib/gcc/arm-none-eabi/4.9.3/../../../arm-none-eabi/lib/thumb/libg.a(lib_a-svfiprintf.o)
                0x0000000000112000                _svfiprintf_r
 .text._svfiprintf_r.__stub
                0x00000000001129d8        0x8 linker stubs

.text._calloc_r
                0x00000000001129e0       0x64
 .text._calloc_r
                0x00000000001129e0       0x64 /usr/lib/gcc/arm-none-eabi/4.9.3/../../../arm-none-eabi/lib/thumb/libg.a(lib_a-callocr.o)
                0x00000000001129e0                _calloc_r

.text._malloc_trim_r
                0x0000000000112a44       0xa4
 .text._malloc_trim_r
                0x0000000000112a44       0xa4 /usr/lib/gcc/arm-none-eabi/4.9.3/../../../arm-none-eabi/lib/thumb/libg.a(lib_a-freer.o)
                0x0000000000112a44                _malloc_trim_r

.text._free_r   0x0000000000112ae8      0x1b4
 .text._free_r  0x0000000000112ae8      0x1b4 /usr/lib/gcc/arm-none-eabi/4.9.3/../../../arm-none-eabi/lib/thumb/libg.a(lib_a-freer.o)
                0x0000000000112ae8                _free_r

.text.memmove   0x0000000000112c9c       0x9c
 .text.memmove  0x0000000000112c9c       0x9c /usr/lib/gcc/arm-none-eabi/4.9.3/../../../arm-none-eabi/lib/thumb/libg.a(lib_a-memmove.o)
                0x0000000000112c9c                memmove

.text._realloc_r
                0x0000000000112d38      0x3dc
 .text._realloc_r
                0x0000000000112d38      0x3dc /usr/lib/gcc/arm-none-eabi/4.9.3/../../../arm-none-eabi/lib/thumb/libg.a(lib_a-reallocr.o)
                0x0000000000112d38                _realloc_r

.data           0x0000000000200000        0x8 load address 0x0000000000113114
                0x0000000000200000                __data_beg__ = .
 *(.data)
 .data          0x0000000000200000        0x4 Source/portable/GCC/ARM7_AT91SAM7S/portISR.o
                0x0000000000200000                ulCriticalNesting
 .data          0x0000000000200004        0x0 ./SrcAtmel/Cstartup_SAM7.o
 .data          0x0000000000200004        0x0 ./USB/USB_ISR.o
 .data          0x0000000000200004        0x0 main.o
 .data          0x0000000000200004        0x0 ./ParTest/ParTest.o
 .data          0x0000000000200004        0x0 Common/Minimal/BlockQ.o
 .data          0x0000000000200004        0x0 Common/Minimal/blocktim.o
 .data          0x0000000000200004        0x0 Common/Minimal/flash.o
 .data          0x0000000000200004        0x0 Common/Minimal/integer.o
 .data          0x0000000000200004        0x0 Common/Minimal/GenQTest.o
 .data          0x0000000000200004        0x0 Common/Minimal/QPeek.o
 .data          0x0000000000200004        0x0 Common/Minimal/dynamic.o
 .data          0x0000000000200004        0x0 Source/list.o
 .data          0x0000000000200004        0x0 Source/queue.o
 .data          0x0000000000200004        0x0 Source/tasks.o
 .data          0x0000000000200004        0x0 Source/croutine.o
 .data          0x0000000000200004        0x0 Source/portable/GCC/ARM7_AT91SAM7S/port.o
 .data          0x0000000000200004        0x4 Source/portable/MemMang/heap_2.o
 .data          0x0000000000200008        0x0 ./LCD/lcd.o
 .data          0x0000000000200008        0x0 ./USB/USBSample.o
 .data          0x0000000000200008        0x0 syscalls.o
 .data          0x0000000000200008        0x0 /tmp/ccpbndOW.o
 .data          0x0000000000200008        0x0 /usr/lib/gcc/arm-none-eabi/4.9.3/thumb/libgcc.a(_divsi3.o)
 .data          0x0000000000200008        0x0 /usr/lib/gcc/arm-none-eabi/4.9.3/thumb/libgcc.a(_dvmd_tls.o)
 .data          0x0000000000200008        0x0 /usr/lib/gcc/arm-none-eabi/4.9.3/../../../arm-none-eabi/lib/thumb/libg.a(lib_a-errno.o)
 .data          0x0000000000200008        0x0 /usr/lib/gcc/arm-none-eabi/4.9.3/../../../arm-none-eabi/lib/thumb/libg.a(lib_a-impure.o)
 .data          0x0000000000200008        0x0 /usr/lib/gcc/arm-none-eabi/4.9.3/../../../arm-none-eabi/lib/thumb/libg.a(lib_a-memcpy.o)
 .data          0x0000000000200008        0x0 /usr/lib/gcc/arm-none-eabi/4.9.3/../../../arm-none-eabi/lib/thumb/libg.a(lib_a-memset.o)
 .data          0x0000000000200008        0x0 /usr/lib/gcc/arm-none-eabi/4.9.3/../../../arm-none-eabi/lib/thumb/libg.a(lib_a-sprintf.o)
 .data          0x0000000000200008        0x0 /usr/lib/gcc/arm-none-eabi/4.9.3/../../../arm-none-eabi/lib/thumb/libg.a(lib_a-stpcpy.o)
 .data          0x0000000000200008        0x0 /usr/lib/gcc/arm-none-eabi/4.9.3/../../../arm-none-eabi/lib/thumb/libg.a(lib_a-strlen.o)
 .data          0x0000000000200008        0x0 /usr/lib/gcc/arm-none-eabi/4.9.3/../../../arm-none-eabi/lib/thumb/libg.a(lib_a-svfprintf.o)
 .data          0x0000000000200008        0x0 /usr/lib/gcc/arm-none-eabi/4.9.3/../../../arm-none-eabi/lib/thumb/libg.a(lib_a-dtoa.o)
 .data          0x0000000000200008        0x0 /usr/lib/gcc/arm-none-eabi/4.9.3/../../../arm-none-eabi/lib/thumb/libg.a(lib_a-locale.o)
 .data          0x0000000000200008        0x0 /usr/lib/gcc/arm-none-eabi/4.9.3/../../../arm-none-eabi/lib/thumb/libg.a(lib_a-mallocr.o)
 .data          0x0000000000200008        0x0 /usr/lib/gcc/arm-none-eabi/4.9.3/../../../arm-none-eabi/lib/thumb/libg.a(lib_a-memchr.o)
 .data          0x0000000000200008        0x0 /usr/lib/gcc/arm-none-eabi/4.9.3/../../../arm-none-eabi/lib/thumb/libg.a(lib_a-mlock.o)
 .data          0x0000000000200008        0x0 /usr/lib/gcc/arm-none-eabi/4.9.3/../../../arm-none-eabi/lib/thumb/libg.a(lib_a-mprec.o)
 .data          0x0000000000200008        0x0 /usr/lib/gcc/arm-none-eabi/4.9.3/../../../arm-none-eabi/lib/thumb/libg.a(lib_a-s_fpclassify.o)
 .data          0x0000000000200008        0x0 /usr/lib/gcc/arm-none-eabi/4.9.3/../../../arm-none-eabi/lib/thumb/libg.a(lib_a-strcmp.o)
 .data          0x0000000000200008        0x0 /usr/lib/gcc/arm-none-eabi/4.9.3/../../../arm-none-eabi/lib/thumb/libg.a(lib_a-svfiprintf.o)
 .data          0x0000000000200008        0x0 /usr/lib/gcc/arm-none-eabi/4.9.3/../../../arm-none-eabi/lib/thumb/libg.a(lib_a-callocr.o)
 .data          0x0000000000200008        0x0 /usr/lib/gcc/arm-none-eabi/4.9.3/../../../arm-none-eabi/lib/thumb/libg.a(lib_a-freer.o)
 .data          0x0000000000200008        0x0 /usr/lib/gcc/arm-none-eabi/4.9.3/../../../arm-none-eabi/lib/thumb/libg.a(lib_a-memmove.o)
 .data          0x0000000000200008        0x0 /usr/lib/gcc/arm-none-eabi/4.9.3/../../../arm-none-eabi/lib/thumb/libg.a(lib_a-reallocr.o)
 .data          0x0000000000200008        0x0 /usr/lib/gcc/arm-none-eabi/4.9.3/thumb/libgcc.a(_udivsi3.o)
 .data          0x0000000000200008        0x0 /usr/lib/gcc/arm-none-eabi/4.9.3/thumb/libgcc.a(_arm_addsubdf3.o)
 .data          0x0000000000200008        0x0 /usr/lib/gcc/arm-none-eabi/4.9.3/thumb/libgcc.a(_arm_muldivdf3.o)
 .data          0x0000000000200008        0x0 /usr/lib/gcc/arm-none-eabi/4.9.3/thumb/libgcc.a(_arm_cmpdf2.o)
 .data          0x0000000000200008        0x0 /usr/lib/gcc/arm-none-eabi/4.9.3/thumb/libgcc.a(_arm_fixdfsi.o)
 .data          0x0000000000200008        0x0 /usr/lib/gcc/arm-none-eabi/4.9.3/thumb/libgcc.a(_aeabi_uldivmod.o)
 .data          0x0000000000200008        0x0 /usr/lib/gcc/arm-none-eabi/4.9.3/thumb/libgcc.a(bpabi.o)
 .data          0x0000000000200008        0x0 /usr/lib/gcc/arm-none-eabi/4.9.3/thumb/libgcc.a(_muldi3.o)
 .data          0x0000000000200008        0x0 /usr/lib/gcc/arm-none-eabi/4.9.3/thumb/libgcc.a(_divdi3.o)
 .data          0x0000000000200008        0x0 /usr/lib/gcc/arm-none-eabi/4.9.3/thumb/libgcc.a(_udivdi3.o)
 .data          0x0000000000200008        0x0 /usr/lib/gcc/arm-none-eabi/4.9.3/thumb/libgcc.a(_clzdi2.o)
 .data          0x0000000000200008        0x0 /usr/lib/gcc/arm-none-eabi/4.9.3/thumb/libgcc.a(_clzsi2.o)
                0x0000000000200008                __data_end__ = .

.igot.plt       0x0000000000200008        0x0 load address 0x000000000011311c
 .igot.plt      0x0000000000200008        0x0 Source/portable/GCC/ARM7_AT91SAM7S/portISR.o

.data.impure_data
                0x0000000000200008      0x428 load address 0x000000000011311c
 .data.impure_data
                0x0000000000200008      0x428 /usr/lib/gcc/arm-none-eabi/4.9.3/../../../arm-none-eabi/lib/thumb/libg.a(lib_a-impure.o)

.data._impure_ptr
                0x0000000000200430        0x4 load address 0x0000000000113544
 .data._impure_ptr
                0x0000000000200430        0x4 /usr/lib/gcc/arm-none-eabi/4.9.3/../../../arm-none-eabi/lib/thumb/libg.a(lib_a-impure.o)
                0x0000000000200430                _impure_ptr

.data.lc_message_charset
                0x0000000000200434       0x20 load address 0x0000000000113548
 .data.lc_message_charset
                0x0000000000200434       0x20 /usr/lib/gcc/arm-none-eabi/4.9.3/../../../arm-none-eabi/lib/thumb/libg.a(lib_a-locale.o)

.data.lconv     0x0000000000200454       0x38 load address 0x0000000000113568
 .data.lconv    0x0000000000200454       0x38 /usr/lib/gcc/arm-none-eabi/4.9.3/../../../arm-none-eabi/lib/thumb/libg.a(lib_a-locale.o)

.data.lc_ctype_charset
                0x000000000020048c       0x20 load address 0x00000000001135a0
 .data.lc_ctype_charset
                0x000000000020048c       0x20 /usr/lib/gcc/arm-none-eabi/4.9.3/../../../arm-none-eabi/lib/thumb/libg.a(lib_a-locale.o)

.data.__mb_cur_max
                0x00000000002004ac        0x4 load address 0x00000000001135c0
 .data.__mb_cur_max
                0x00000000002004ac        0x4 /usr/lib/gcc/arm-none-eabi/4.9.3/../../../arm-none-eabi/lib/thumb/libg.a(lib_a-locale.o)
                0x00000000002004ac                __mb_cur_max

.data.__malloc_av_
                0x00000000002004b0      0x408 load address 0x00000000001135c4
 .data.__malloc_av_
                0x00000000002004b0      0x408 /usr/lib/gcc/arm-none-eabi/4.9.3/../../../arm-none-eabi/lib/thumb/libg.a(lib_a-mallocr.o)
                0x00000000002004b0                __malloc_av_

.data.__malloc_trim_threshold
                0x00000000002008b8        0x4 load address 0x00000000001139cc
 .data.__malloc_trim_threshold
                0x00000000002008b8        0x4 /usr/lib/gcc/arm-none-eabi/4.9.3/../../../arm-none-eabi/lib/thumb/libg.a(lib_a-mallocr.o)
                0x00000000002008b8                __malloc_trim_threshold

.data.__malloc_sbrk_base
                0x00000000002008bc        0x4 load address 0x00000000001139d0
 .data.__malloc_sbrk_base
                0x00000000002008bc        0x4 /usr/lib/gcc/arm-none-eabi/4.9.3/../../../arm-none-eabi/lib/thumb/libg.a(lib_a-mallocr.o)
                0x00000000002008bc                __malloc_sbrk_base

.bss            0x00000000002008c0     0x631c load address 0x00000000001139d4
                0x00000000002008c0                __bss_beg__ = .
 *(.bss)
 .bss           0x00000000002008c0        0x0 Source/portable/GCC/ARM7_AT91SAM7S/portISR.o
 .bss           0x00000000002008c0        0x0 ./SrcAtmel/Cstartup_SAM7.o
 .bss           0x00000000002008c0       0x44 ./USB/USB_ISR.o
 .bss           0x0000000000200904        0x8 main.o
 .bss           0x000000000020090c        0x0 ./ParTest/ParTest.o
 .bss           0x000000000020090c       0x1e Common/Minimal/BlockQ.o
 *fill*         0x000000000020092a        0x2 
 .bss           0x000000000020092c       0x20 Common/Minimal/blocktim.o
 .bss           0x000000000020094c        0x4 Common/Minimal/flash.o
 .bss           0x0000000000200950        0x4 Common/Minimal/integer.o
 .bss           0x0000000000200954       0x20 Common/Minimal/GenQTest.o
 .bss           0x0000000000200974        0xc Common/Minimal/QPeek.o
 .bss           0x0000000000200980       0x24 Common/Minimal/dynamic.o
 .bss           0x00000000002009a4        0x0 Source/list.o
 .bss           0x00000000002009a4        0x0 Source/queue.o
 .bss           0x00000000002009a4       0xec Source/tasks.o
                0x00000000002009a8                pxCurrentTCB
 .bss           0x0000000000200a90       0x80 Source/croutine.o
                0x0000000000200a90                pxCurrentCoRoutine
 .bss           0x0000000000200b10        0x0 Source/portable/GCC/ARM7_AT91SAM7S/port.o
 .bss           0x0000000000200b10     0x6014 Source/portable/MemMang/heap_2.o
 .bss           0x0000000000206b24        0x0 ./LCD/lcd.o
 .bss           0x0000000000206b24       0x93 ./USB/USBSample.o
 *fill*         0x0000000000206bb7        0x1 
 .bss           0x0000000000206bb8        0x4 syscalls.o
 .bss           0x0000000000206bbc        0x0 /tmp/ccpbndOW.o
 .bss           0x0000000000206bbc        0x0 /usr/lib/gcc/arm-none-eabi/4.9.3/thumb/libgcc.a(_divsi3.o)
 .bss           0x0000000000206bbc        0x0 /usr/lib/gcc/arm-none-eabi/4.9.3/thumb/libgcc.a(_dvmd_tls.o)
 .bss           0x0000000000206bbc        0x0 /usr/lib/gcc/arm-none-eabi/4.9.3/../../../arm-none-eabi/lib/thumb/libg.a(lib_a-errno.o)
 .bss           0x0000000000206bbc        0x0 /usr/lib/gcc/arm-none-eabi/4.9.3/../../../arm-none-eabi/lib/thumb/libg.a(lib_a-impure.o)
 .bss           0x0000000000206bbc        0x0 /usr/lib/gcc/arm-none-eabi/4.9.3/../../../arm-none-eabi/lib/thumb/libg.a(lib_a-memcpy.o)
 .bss           0x0000000000206bbc        0x0 /usr/lib/gcc/arm-none-eabi/4.9.3/../../../arm-none-eabi/lib/thumb/libg.a(lib_a-memset.o)
 .bss           0x0000000000206bbc        0x0 /usr/lib/gcc/arm-none-eabi/4.9.3/../../../arm-none-eabi/lib/thumb/libg.a(lib_a-sprintf.o)
 .bss           0x0000000000206bbc        0x0 /usr/lib/gcc/arm-none-eabi/4.9.3/../../../arm-none-eabi/lib/thumb/libg.a(lib_a-stpcpy.o)
 .bss           0x0000000000206bbc        0x0 /usr/lib/gcc/arm-none-eabi/4.9.3/../../../arm-none-eabi/lib/thumb/libg.a(lib_a-strlen.o)
 .bss           0x0000000000206bbc        0x0 /usr/lib/gcc/arm-none-eabi/4.9.3/../../../arm-none-eabi/lib/thumb/libg.a(lib_a-svfprintf.o)
 .bss           0x0000000000206bbc        0x0 /usr/lib/gcc/arm-none-eabi/4.9.3/../../../arm-none-eabi/lib/thumb/libg.a(lib_a-dtoa.o)
 .bss           0x0000000000206bbc        0x0 /usr/lib/gcc/arm-none-eabi/4.9.3/../../../arm-none-eabi/lib/thumb/libg.a(lib_a-locale.o)
 .bss           0x0000000000206bbc        0x0 /usr/lib/gcc/arm-none-eabi/4.9.3/../../../arm-none-eabi/lib/thumb/libg.a(lib_a-mallocr.o)
 .bss           0x0000000000206bbc        0x0 /usr/lib/gcc/arm-none-eabi/4.9.3/../../../arm-none-eabi/lib/thumb/libg.a(lib_a-memchr.o)
 .bss           0x0000000000206bbc        0x0 /usr/lib/gcc/arm-none-eabi/4.9.3/../../../arm-none-eabi/lib/thumb/libg.a(lib_a-mlock.o)
 .bss           0x0000000000206bbc        0x0 /usr/lib/gcc/arm-none-eabi/4.9.3/../../../arm-none-eabi/lib/thumb/libg.a(lib_a-mprec.o)
 .bss           0x0000000000206bbc        0x0 /usr/lib/gcc/arm-none-eabi/4.9.3/../../../arm-none-eabi/lib/thumb/libg.a(lib_a-s_fpclassify.o)
 .bss           0x0000000000206bbc        0x0 /usr/lib/gcc/arm-none-eabi/4.9.3/../../../arm-none-eabi/lib/thumb/libg.a(lib_a-strcmp.o)
 .bss           0x0000000000206bbc        0x0 /usr/lib/gcc/arm-none-eabi/4.9.3/../../../arm-none-eabi/lib/thumb/libg.a(lib_a-svfiprintf.o)
 .bss           0x0000000000206bbc        0x0 /usr/lib/gcc/arm-none-eabi/4.9.3/../../../arm-none-eabi/lib/thumb/libg.a(lib_a-callocr.o)
 .bss           0x0000000000206bbc        0x0 /usr/lib/gcc/arm-none-eabi/4.9.3/../../../arm-none-eabi/lib/thumb/libg.a(lib_a-freer.o)
 .bss           0x0000000000206bbc        0x0 /usr/lib/gcc/arm-none-eabi/4.9.3/../../../arm-none-eabi/lib/thumb/libg.a(lib_a-memmove.o)
 .bss           0x0000000000206bbc        0x0 /usr/lib/gcc/arm-none-eabi/4.9.3/../../../arm-none-eabi/lib/thumb/libg.a(lib_a-reallocr.o)
 .bss           0x0000000000206bbc        0x0 /usr/lib/gcc/arm-none-eabi/4.9.3/thumb/libgcc.a(_udivsi3.o)
 .bss           0x0000000000206bbc        0x0 /usr/lib/gcc/arm-none-eabi/4.9.3/thumb/libgcc.a(_arm_addsubdf3.o)
 .bss           0x0000000000206bbc        0x0 /usr/lib/gcc/arm-none-eabi/4.9.3/thumb/libgcc.a(_arm_muldivdf3.o)
 .bss           0x0000000000206bbc        0x0 /usr/lib/gcc/arm-none-eabi/4.9.3/thumb/libgcc.a(_arm_cmpdf2.o)
 .bss           0x0000000000206bbc        0x0 /usr/lib/gcc/arm-none-eabi/4.9.3/thumb/libgcc.a(_arm_fixdfsi.o)
 .bss           0x0000000000206bbc        0x0 /usr/lib/gcc/arm-none-eabi/4.9.3/thumb/libgcc.a(_aeabi_uldivmod.o)
 .bss           0x0000000000206bbc        0x0 /usr/lib/gcc/arm-none-eabi/4.9.3/thumb/libgcc.a(bpabi.o)
 .bss           0x0000000000206bbc        0x0 /usr/lib/gcc/arm-none-eabi/4.9.3/thumb/libgcc.a(_muldi3.o)
 .bss           0x0000000000206bbc        0x0 /usr/lib/gcc/arm-none-eabi/4.9.3/thumb/libgcc.a(_divdi3.o)
 .bss           0x0000000000206bbc        0x0 /usr/lib/gcc/arm-none-eabi/4.9.3/thumb/libgcc.a(_udivdi3.o)
 .bss           0x0000000000206bbc        0x0 /usr/lib/gcc/arm-none-eabi/4.9.3/thumb/libgcc.a(_clzdi2.o)
 .bss           0x0000000000206bbc        0x0 /usr/lib/gcc/arm-none-eabi/4.9.3/thumb/libgcc.a(_clzsi2.o)
 COMMON         0x0000000000206bbc        0x4 main.o
                0x0000000000206bbc                semaphoreHandle
 COMMON         0x0000000000206bc0        0xc Common/Minimal/QPeek.o
                0x0000000000206bc0                xHighPriorityTask
                0x0000000000206bc4                xMediumPriorityTask
                0x0000000000206bc8                xHighestPriorityTask
 COMMON         0x0000000000206bcc        0x4 Common/Minimal/dynamic.o
                0x0000000000206bcc                xSuspendedTestQueue
 COMMON         0x0000000000206bd0        0x8 ./LCD/lcd.o
                0x0000000000206bd0                j
                0x0000000000206bd4                i
 COMMON         0x0000000000206bd8        0x4 ./USB/USBSample.o
                0x0000000000206bd8                xUSBInterruptQueue

.bss._PathLocale
                0x0000000000206bdc        0x4 load address 0x00000000001139d4
 .bss._PathLocale
                0x0000000000206bdc        0x4 /usr/lib/gcc/arm-none-eabi/4.9.3/../../../arm-none-eabi/lib/thumb/libg.a(lib_a-locale.o)
                0x0000000000206bdc                _PathLocale

.bss.__nlocale_changed
                0x0000000000206be0        0x4 load address 0x00000000001139d4
 .bss.__nlocale_changed
                0x0000000000206be0        0x4 /usr/lib/gcc/arm-none-eabi/4.9.3/../../../arm-none-eabi/lib/thumb/libg.a(lib_a-locale.o)
                0x0000000000206be0                __nlocale_changed

.bss.__mlocale_changed
                0x0000000000206be4        0x4 load address 0x00000000001139d4
 .bss.__mlocale_changed
                0x0000000000206be4        0x4 /usr/lib/gcc/arm-none-eabi/4.9.3/../../../arm-none-eabi/lib/thumb/libg.a(lib_a-locale.o)
                0x0000000000206be4                __mlocale_changed

.bss.__malloc_max_total_mem
                0x0000000000206be8        0x4 load address 0x00000000001139d4
 .bss.__malloc_max_total_mem
                0x0000000000206be8        0x4 /usr/lib/gcc/arm-none-eabi/4.9.3/../../../arm-none-eabi/lib/thumb/libg.a(lib_a-mallocr.o)
                0x0000000000206be8                __malloc_max_total_mem

.bss.__malloc_max_sbrked_mem
                0x0000000000206bec        0x4 load address 0x00000000001139d4
 .bss.__malloc_max_sbrked_mem
                0x0000000000206bec        0x4 /usr/lib/gcc/arm-none-eabi/4.9.3/../../../arm-none-eabi/lib/thumb/libg.a(lib_a-mallocr.o)
                0x0000000000206bec                __malloc_max_sbrked_mem

.bss.__malloc_top_pad
                0x0000000000206bf0        0x4 load address 0x00000000001139d4
 .bss.__malloc_top_pad
                0x0000000000206bf0        0x4 /usr/lib/gcc/arm-none-eabi/4.9.3/../../../arm-none-eabi/lib/thumb/libg.a(lib_a-mallocr.o)
                0x0000000000206bf0                __malloc_top_pad

.bss.__malloc_current_mallinfo
                0x0000000000206bf4       0x28 load address 0x00000000001139d4
 .bss.__malloc_current_mallinfo
                0x0000000000206bf4       0x28 /usr/lib/gcc/arm-none-eabi/4.9.3/../../../arm-none-eabi/lib/thumb/libg.a(lib_a-mallocr.o)
                0x0000000000206bf4                __malloc_current_mallinfo
                0x0000000000206c1c                . = ALIGN (0x4)

.eh_frame       0x0000000000206c1c       0x44 load address 0x00000000001139d4
 *(.eh_frame)
 .eh_frame      0x0000000000206c1c       0x44 /usr/lib/gcc/arm-none-eabi/4.9.3/../../../arm-none-eabi/lib/thumb/libg.a(lib_a-strcmp.o)

.ARM.extab      0x0000000000206c60        0x0 load address 0x0000000000113a18
 .ARM.extab     0x0000000000206c60        0x0 /usr/lib/gcc/arm-none-eabi/4.9.3/thumb/libgcc.a(_divdi3.o)
 .ARM.extab     0x0000000000206c60        0x0 /usr/lib/gcc/arm-none-eabi/4.9.3/thumb/libgcc.a(_udivdi3.o)

.ARM.exidx      0x0000000000206c60        0x8 load address 0x0000000000113a18
 .ARM.exidx     0x0000000000206c60        0x8 /usr/lib/gcc/arm-none-eabi/4.9.3/thumb/libgcc.a(_divdi3.o)
 .ARM.exidx     0x0000000000206c68        0x0 /usr/lib/gcc/arm-none-eabi/4.9.3/thumb/libgcc.a(_udivdi3.o)
                                          0x8 (size before relaxing)
                0x0000000000206c68                . = ALIGN (0x4)
                0x0000000000206c68                . = ALIGN (0x4)
                0x0000000000206c68                _end = .
                0x0000000000206c68                _bss_end__ = .
                0x0000000000206c68                __bss_end__ = .
                0x0000000000206c68                __end__ = .
                0x0000000000206c68                PROVIDE (end, .)
OUTPUT(RTOSDemo.elf elf32-littlearm)

.rel.dyn        0x0000000000206c68        0x0 load address 0x0000000000113a20
 .rel.iplt      0x0000000000206c68        0x0 Source/portable/GCC/ARM7_AT91SAM7S/portISR.o

.debug_frame    0x0000000000000000     0x1d18
 .debug_frame   0x0000000000000000       0x80 Source/portable/GCC/ARM7_AT91SAM7S/portISR.o
 .debug_frame   0x0000000000000080       0x34 ./SrcAtmel/Cstartup_SAM7.o
 .debug_frame   0x00000000000000b4       0x58 ./USB/USB_ISR.o
 .debug_frame   0x000000000000010c       0xe0 main.o
 .debug_frame   0x00000000000001ec       0x50 ./ParTest/ParTest.o
 .debug_frame   0x000000000000023c       0xb8 Common/Minimal/BlockQ.o
 .debug_frame   0x00000000000002f4       0xac Common/Minimal/blocktim.o
 .debug_frame   0x00000000000003a0       0x68 Common/Minimal/flash.o
 .debug_frame   0x0000000000000408       0x74 Common/Minimal/integer.o
 .debug_frame   0x000000000000047c       0xdc Common/Minimal/GenQTest.o
 .debug_frame   0x0000000000000558       0xf4 Common/Minimal/QPeek.o
 .debug_frame   0x000000000000064c      0x108 Common/Minimal/dynamic.o
 .debug_frame   0x0000000000000754       0x70 Source/list.o
 .debug_frame   0x00000000000007c4      0x29c Source/queue.o
 .debug_frame   0x0000000000000a60      0x558 Source/tasks.o
 .debug_frame   0x0000000000000fb8       0xa4 Source/croutine.o
 .debug_frame   0x000000000000105c       0x58 Source/portable/GCC/ARM7_AT91SAM7S/port.o
 .debug_frame   0x00000000000010b4       0x6c Source/portable/MemMang/heap_2.o
 .debug_frame   0x0000000000001120      0x294 ./LCD/lcd.o
 .debug_frame   0x00000000000013b4       0x94 ./USB/USBSample.o
 .debug_frame   0x0000000000001448       0xa4 syscalls.o
 .debug_frame   0x00000000000014ec       0x20 /usr/lib/gcc/arm-none-eabi/4.9.3/thumb/libgcc.a(_divsi3.o)
 .debug_frame   0x000000000000150c       0x20 /usr/lib/gcc/arm-none-eabi/4.9.3/../../../arm-none-eabi/lib/thumb/libg.a(lib_a-errno.o)
 .debug_frame   0x000000000000152c       0x2c /usr/lib/gcc/arm-none-eabi/4.9.3/../../../arm-none-eabi/lib/thumb/libg.a(lib_a-memcpy.o)
 .debug_frame   0x0000000000001558       0x2c /usr/lib/gcc/arm-none-eabi/4.9.3/../../../arm-none-eabi/lib/thumb/libg.a(lib_a-memset.o)
 .debug_frame   0x0000000000001584       0x50 /usr/lib/gcc/arm-none-eabi/4.9.3/../../../arm-none-eabi/lib/thumb/libg.a(lib_a-sprintf.o)
 .debug_frame   0x00000000000015d4       0x28 /usr/lib/gcc/arm-none-eabi/4.9.3/../../../arm-none-eabi/lib/thumb/libg.a(lib_a-stpcpy.o)
 .debug_frame   0x00000000000015fc       0x28 /usr/lib/gcc/arm-none-eabi/4.9.3/../../../arm-none-eabi/lib/thumb/libg.a(lib_a-strlen.o)
 .debug_frame   0x0000000000001624       0x3c /usr/lib/gcc/arm-none-eabi/4.9.3/../../../arm-none-eabi/lib/thumb/libg.a(lib_a-svfprintf.o)
 .debug_frame   0x0000000000001660       0x68 /usr/lib/gcc/arm-none-eabi/4.9.3/../../../arm-none-eabi/lib/thumb/libg.a(lib_a-dtoa.o)
 .debug_frame   0x00000000000016c8       0xa4 /usr/lib/gcc/arm-none-eabi/4.9.3/../../../arm-none-eabi/lib/thumb/libg.a(lib_a-locale.o)
 .debug_frame   0x000000000000176c       0x3c /usr/lib/gcc/arm-none-eabi/4.9.3/../../../arm-none-eabi/lib/thumb/libg.a(lib_a-mallocr.o)
 .debug_frame   0x00000000000017a8       0x2c /usr/lib/gcc/arm-none-eabi/4.9.3/../../../arm-none-eabi/lib/thumb/libg.a(lib_a-memchr.o)
 .debug_frame   0x00000000000017d4       0x30 /usr/lib/gcc/arm-none-eabi/4.9.3/../../../arm-none-eabi/lib/thumb/libg.a(lib_a-mlock.o)
 .debug_frame   0x0000000000001804      0x25c /usr/lib/gcc/arm-none-eabi/4.9.3/../../../arm-none-eabi/lib/thumb/libg.a(lib_a-mprec.o)
 .debug_frame   0x0000000000001a60       0x28 /usr/lib/gcc/arm-none-eabi/4.9.3/../../../arm-none-eabi/lib/thumb/libg.a(lib_a-s_fpclassify.o)
 .debug_frame   0x0000000000001a88       0x68 /usr/lib/gcc/arm-none-eabi/4.9.3/../../../arm-none-eabi/lib/thumb/libg.a(lib_a-svfiprintf.o)
 .debug_frame   0x0000000000001af0       0x28 /usr/lib/gcc/arm-none-eabi/4.9.3/../../../arm-none-eabi/lib/thumb/libg.a(lib_a-callocr.o)
 .debug_frame   0x0000000000001b18       0x54 /usr/lib/gcc/arm-none-eabi/4.9.3/../../../arm-none-eabi/lib/thumb/libg.a(lib_a-freer.o)
 .debug_frame   0x0000000000001b6c       0x2c /usr/lib/gcc/arm-none-eabi/4.9.3/../../../arm-none-eabi/lib/thumb/libg.a(lib_a-memmove.o)
 .debug_frame   0x0000000000001b98       0x3c /usr/lib/gcc/arm-none-eabi/4.9.3/../../../arm-none-eabi/lib/thumb/libg.a(lib_a-reallocr.o)
 .debug_frame   0x0000000000001bd4       0x20 /usr/lib/gcc/arm-none-eabi/4.9.3/thumb/libgcc.a(_udivsi3.o)
 .debug_frame   0x0000000000001bf4       0x28 /usr/lib/gcc/arm-none-eabi/4.9.3/thumb/libgcc.a(_aeabi_uldivmod.o)
 .debug_frame   0x0000000000001c1c       0x50 /usr/lib/gcc/arm-none-eabi/4.9.3/thumb/libgcc.a(bpabi.o)
 .debug_frame   0x0000000000001c6c       0x34 /usr/lib/gcc/arm-none-eabi/4.9.3/thumb/libgcc.a(_muldi3.o)
 .debug_frame   0x0000000000001ca0       0x3c /usr/lib/gcc/arm-none-eabi/4.9.3/thumb/libgcc.a(_divdi3.o)
 .debug_frame   0x0000000000001cdc       0x3c /usr/lib/gcc/arm-none-eabi/4.9.3/thumb/libgcc.a(_udivdi3.o)

.debug_info     0x0000000000000000    0x1ab66
 .debug_info    0x0000000000000000      0x3f6 Source/portable/GCC/ARM7_AT91SAM7S/portISR.o
 .debug_info    0x00000000000003f6      0x2ac ./SrcAtmel/Cstartup_SAM7.o
 .debug_info    0x00000000000006a2      0x533 ./USB/USB_ISR.o
 .debug_info    0x0000000000000bd5      0xd05 main.o
 .debug_info    0x00000000000018da      0x352 ./ParTest/ParTest.o
 .debug_info    0x0000000000001c2c      0x753 Common/Minimal/BlockQ.o
 .debug_info    0x000000000000237f      0x7a7 Common/Minimal/blocktim.o
 .debug_info    0x0000000000002b26      0x34c Common/Minimal/flash.o
 .debug_info    0x0000000000002e72      0x2ff Common/Minimal/integer.o
 .debug_info    0x0000000000003171      0xc53 Common/Minimal/GenQTest.o
 .debug_info    0x0000000000003dc4      0x872 Common/Minimal/QPeek.o
 .debug_info    0x0000000000004636      0x7fb Common/Minimal/dynamic.o
 .debug_info    0x0000000000004e31      0x29a Source/list.o
 .debug_info    0x00000000000050cb     0x17cf Source/queue.o
 .debug_info    0x000000000000689a     0x2a22 Source/tasks.o
 .debug_info    0x00000000000092bc      0x761 Source/croutine.o
 .debug_info    0x0000000000009a1d      0x39f Source/portable/GCC/ARM7_AT91SAM7S/port.o
 .debug_info    0x0000000000009dbc      0x340 Source/portable/MemMang/heap_2.o
 .debug_info    0x000000000000a0fc     0x1fd9 ./LCD/lcd.o
 .debug_info    0x000000000000c0d5     0x16b2 ./USB/USBSample.o
 .debug_info    0x000000000000d787      0xc48 syscalls.o
 .debug_info    0x000000000000e3cf       0x49 /tmp/ccpbndOW.o
 .debug_info    0x000000000000e418       0xb7 /usr/lib/gcc/arm-none-eabi/4.9.3/thumb/libgcc.a(_divsi3.o)
 .debug_info    0x000000000000e4cf       0xb7 /usr/lib/gcc/arm-none-eabi/4.9.3/thumb/libgcc.a(_dvmd_tls.o)
 .debug_info    0x000000000000e586      0x889 /usr/lib/gcc/arm-none-eabi/4.9.3/../../../arm-none-eabi/lib/thumb/libg.a(lib_a-errno.o)
 .debug_info    0x000000000000ee0f      0x894 /usr/lib/gcc/arm-none-eabi/4.9.3/../../../arm-none-eabi/lib/thumb/libg.a(lib_a-impure.o)
 .debug_info    0x000000000000f6a3      0x131 /usr/lib/gcc/arm-none-eabi/4.9.3/../../../arm-none-eabi/lib/thumb/libg.a(lib_a-memcpy.o)
 .debug_info    0x000000000000f7d4      0x117 /usr/lib/gcc/arm-none-eabi/4.9.3/../../../arm-none-eabi/lib/thumb/libg.a(lib_a-memset.o)
 .debug_info    0x000000000000f8eb      0x9ed /usr/lib/gcc/arm-none-eabi/4.9.3/../../../arm-none-eabi/lib/thumb/libg.a(lib_a-sprintf.o)
 .debug_info    0x00000000000102d8       0xf2 /usr/lib/gcc/arm-none-eabi/4.9.3/../../../arm-none-eabi/lib/thumb/libg.a(lib_a-stpcpy.o)
 .debug_info    0x00000000000103ca       0xdd /usr/lib/gcc/arm-none-eabi/4.9.3/../../../arm-none-eabi/lib/thumb/libg.a(lib_a-strlen.o)
 .debug_info    0x00000000000104a7     0x1696 /usr/lib/gcc/arm-none-eabi/4.9.3/../../../arm-none-eabi/lib/thumb/libg.a(lib_a-svfprintf.o)
 .debug_info    0x0000000000011b3d     0x134f /usr/lib/gcc/arm-none-eabi/4.9.3/../../../arm-none-eabi/lib/thumb/libg.a(lib_a-dtoa.o)
 .debug_info    0x0000000000012e8c      0xc1d /usr/lib/gcc/arm-none-eabi/4.9.3/../../../arm-none-eabi/lib/thumb/libg.a(lib_a-locale.o)
 .debug_info    0x0000000000013aa9      0xd6a /usr/lib/gcc/arm-none-eabi/4.9.3/../../../arm-none-eabi/lib/thumb/libg.a(lib_a-mallocr.o)
 .debug_info    0x0000000000014813      0x12b /usr/lib/gcc/arm-none-eabi/4.9.3/../../../arm-none-eabi/lib/thumb/libg.a(lib_a-memchr.o)
 .debug_info    0x000000000001493e      0x8b4 /usr/lib/gcc/arm-none-eabi/4.9.3/../../../arm-none-eabi/lib/thumb/libg.a(lib_a-mlock.o)
 .debug_info    0x00000000000151f2     0x167a /usr/lib/gcc/arm-none-eabi/4.9.3/../../../arm-none-eabi/lib/thumb/libg.a(lib_a-mprec.o)
 .debug_info    0x000000000001686c       0xdb /usr/lib/gcc/arm-none-eabi/4.9.3/../../../arm-none-eabi/lib/thumb/libg.a(lib_a-s_fpclassify.o)
 .debug_info    0x0000000000016947       0xca /usr/lib/gcc/arm-none-eabi/4.9.3/../../../arm-none-eabi/lib/thumb/libg.a(lib_a-strcmp.o)
 .debug_info    0x0000000000016a11     0x1034 /usr/lib/gcc/arm-none-eabi/4.9.3/../../../arm-none-eabi/lib/thumb/libg.a(lib_a-svfiprintf.o)
 .debug_info    0x0000000000017a45      0x9e0 /usr/lib/gcc/arm-none-eabi/4.9.3/../../../arm-none-eabi/lib/thumb/libg.a(lib_a-callocr.o)
 .debug_info    0x0000000000018425      0xc06 /usr/lib/gcc/arm-none-eabi/4.9.3/../../../arm-none-eabi/lib/thumb/libg.a(lib_a-freer.o)
 .debug_info    0x000000000001902b      0x131 /usr/lib/gcc/arm-none-eabi/4.9.3/../../../arm-none-eabi/lib/thumb/libg.a(lib_a-memmove.o)
 .debug_info    0x000000000001915c      0xcd5 /usr/lib/gcc/arm-none-eabi/4.9.3/../../../arm-none-eabi/lib/thumb/libg.a(lib_a-reallocr.o)
 .debug_info    0x0000000000019e31       0xb7 /usr/lib/gcc/arm-none-eabi/4.9.3/thumb/libgcc.a(_udivsi3.o)
 .debug_info    0x0000000000019ee8       0xb8 /usr/lib/gcc/arm-none-eabi/4.9.3/thumb/libgcc.a(_arm_addsubdf3.o)
 .debug_info    0x0000000000019fa0       0xb8 /usr/lib/gcc/arm-none-eabi/4.9.3/thumb/libgcc.a(_arm_muldivdf3.o)
 .debug_info    0x000000000001a058       0xb8 /usr/lib/gcc/arm-none-eabi/4.9.3/thumb/libgcc.a(_arm_cmpdf2.o)
 .debug_info    0x000000000001a110       0xb8 /usr/lib/gcc/arm-none-eabi/4.9.3/thumb/libgcc.a(_arm_fixdfsi.o)
 .debug_info    0x000000000001a1c8       0xb3 /usr/lib/gcc/arm-none-eabi/4.9.3/thumb/libgcc.a(_aeabi_uldivmod.o)
 .debug_info    0x000000000001a27b      0x15e /usr/lib/gcc/arm-none-eabi/4.9.3/thumb/libgcc.a(bpabi.o)
 .debug_info    0x000000000001a3d9      0x1f7 /usr/lib/gcc/arm-none-eabi/4.9.3/thumb/libgcc.a(_muldi3.o)
 .debug_info    0x000000000001a5d0      0x261 /usr/lib/gcc/arm-none-eabi/4.9.3/thumb/libgcc.a(_divdi3.o)
 .debug_info    0x000000000001a831      0x1c7 /usr/lib/gcc/arm-none-eabi/4.9.3/thumb/libgcc.a(_udivdi3.o)
 .debug_info    0x000000000001a9f8       0xb7 /usr/lib/gcc/arm-none-eabi/4.9.3/thumb/libgcc.a(_clzdi2.o)
 .debug_info    0x000000000001aaaf       0xb7 /usr/lib/gcc/arm-none-eabi/4.9.3/thumb/libgcc.a(_clzsi2.o)

.debug_abbrev   0x0000000000000000     0x50bb
 .debug_abbrev  0x0000000000000000      0x14d Source/portable/GCC/ARM7_AT91SAM7S/portISR.o
 .debug_abbrev  0x000000000000014d       0xa0 ./SrcAtmel/Cstartup_SAM7.o
 .debug_abbrev  0x00000000000001ed      0x186 ./USB/USB_ISR.o
 .debug_abbrev  0x0000000000000373      0x294 main.o
 .debug_abbrev  0x0000000000000607      0x106 ./ParTest/ParTest.o
 .debug_abbrev  0x000000000000070d      0x19f Common/Minimal/BlockQ.o
 .debug_abbrev  0x00000000000008ac      0x1b2 Common/Minimal/blocktim.o
 .debug_abbrev  0x0000000000000a5e      0x170 Common/Minimal/flash.o
 .debug_abbrev  0x0000000000000bce      0x158 Common/Minimal/integer.o
 .debug_abbrev  0x0000000000000d26      0x1e8 Common/Minimal/GenQTest.o
 .debug_abbrev  0x0000000000000f0e      0x1b0 Common/Minimal/QPeek.o
 .debug_abbrev  0x00000000000010be      0x1e1 Common/Minimal/dynamic.o
 .debug_abbrev  0x000000000000129f       0xdc Source/list.o
 .debug_abbrev  0x000000000000137b      0x2cb Source/queue.o
 .debug_abbrev  0x0000000000001646      0x3fe Source/tasks.o
 .debug_abbrev  0x0000000000001a44      0x27e Source/croutine.o
 .debug_abbrev  0x0000000000001cc2      0x194 Source/portable/GCC/ARM7_AT91SAM7S/port.o
 .debug_abbrev  0x0000000000001e56      0x1c8 Source/portable/MemMang/heap_2.o
 .debug_abbrev  0x000000000000201e      0x360 ./LCD/lcd.o
 .debug_abbrev  0x000000000000237e      0x2ce ./USB/USBSample.o
 .debug_abbrev  0x000000000000264c      0x244 syscalls.o
 .debug_abbrev  0x0000000000002890       0x12 /tmp/ccpbndOW.o
 .debug_abbrev  0x00000000000028a2       0x14 /usr/lib/gcc/arm-none-eabi/4.9.3/thumb/libgcc.a(_divsi3.o)
 .debug_abbrev  0x00000000000028b6       0x14 /usr/lib/gcc/arm-none-eabi/4.9.3/thumb/libgcc.a(_dvmd_tls.o)
 .debug_abbrev  0x00000000000028ca      0x18f /usr/lib/gcc/arm-none-eabi/4.9.3/../../../arm-none-eabi/lib/thumb/libg.a(lib_a-errno.o)
 .debug_abbrev  0x0000000000002a59      0x180 /usr/lib/gcc/arm-none-eabi/4.9.3/../../../arm-none-eabi/lib/thumb/libg.a(lib_a-impure.o)
 .debug_abbrev  0x0000000000002bd9       0xab /usr/lib/gcc/arm-none-eabi/4.9.3/../../../arm-none-eabi/lib/thumb/libg.a(lib_a-memcpy.o)
 .debug_abbrev  0x0000000000002c84       0x9f /usr/lib/gcc/arm-none-eabi/4.9.3/../../../arm-none-eabi/lib/thumb/libg.a(lib_a-memset.o)
 .debug_abbrev  0x0000000000002d23      0x218 /usr/lib/gcc/arm-none-eabi/4.9.3/../../../arm-none-eabi/lib/thumb/libg.a(lib_a-sprintf.o)
 .debug_abbrev  0x0000000000002f3b       0x74 /usr/lib/gcc/arm-none-eabi/4.9.3/../../../arm-none-eabi/lib/thumb/libg.a(lib_a-stpcpy.o)
 .debug_abbrev  0x0000000000002faf       0x81 /usr/lib/gcc/arm-none-eabi/4.9.3/../../../arm-none-eabi/lib/thumb/libg.a(lib_a-strlen.o)
 .debug_abbrev  0x0000000000003030      0x36f /usr/lib/gcc/arm-none-eabi/4.9.3/../../../arm-none-eabi/lib/thumb/libg.a(lib_a-svfprintf.o)
 .debug_abbrev  0x000000000000339f      0x2da /usr/lib/gcc/arm-none-eabi/4.9.3/../../../arm-none-eabi/lib/thumb/libg.a(lib_a-dtoa.o)
 .debug_abbrev  0x0000000000003679      0x2a5 /usr/lib/gcc/arm-none-eabi/4.9.3/../../../arm-none-eabi/lib/thumb/libg.a(lib_a-locale.o)
 .debug_abbrev  0x000000000000391e      0x2a9 /usr/lib/gcc/arm-none-eabi/4.9.3/../../../arm-none-eabi/lib/thumb/libg.a(lib_a-mallocr.o)
 .debug_abbrev  0x0000000000003bc7       0xab /usr/lib/gcc/arm-none-eabi/4.9.3/../../../arm-none-eabi/lib/thumb/libg.a(lib_a-memchr.o)
 .debug_abbrev  0x0000000000003c72      0x19a /usr/lib/gcc/arm-none-eabi/4.9.3/../../../arm-none-eabi/lib/thumb/libg.a(lib_a-mlock.o)
 .debug_abbrev  0x0000000000003e0c      0x3c8 /usr/lib/gcc/arm-none-eabi/4.9.3/../../../arm-none-eabi/lib/thumb/libg.a(lib_a-mprec.o)
 .debug_abbrev  0x00000000000041d4       0x6f /usr/lib/gcc/arm-none-eabi/4.9.3/../../../arm-none-eabi/lib/thumb/libg.a(lib_a-s_fpclassify.o)
 .debug_abbrev  0x0000000000004243       0x14 /usr/lib/gcc/arm-none-eabi/4.9.3/../../../arm-none-eabi/lib/thumb/libg.a(lib_a-strcmp.o)
 .debug_abbrev  0x0000000000004257      0x2c5 /usr/lib/gcc/arm-none-eabi/4.9.3/../../../arm-none-eabi/lib/thumb/libg.a(lib_a-svfiprintf.o)
 .debug_abbrev  0x000000000000451c      0x213 /usr/lib/gcc/arm-none-eabi/4.9.3/../../../arm-none-eabi/lib/thumb/libg.a(lib_a-callocr.o)
 .debug_abbrev  0x000000000000472f      0x26b /usr/lib/gcc/arm-none-eabi/4.9.3/../../../arm-none-eabi/lib/thumb/libg.a(lib_a-freer.o)
 .debug_abbrev  0x000000000000499a       0xab /usr/lib/gcc/arm-none-eabi/4.9.3/../../../arm-none-eabi/lib/thumb/libg.a(lib_a-memmove.o)
 .debug_abbrev  0x0000000000004a45      0x250 /usr/lib/gcc/arm-none-eabi/4.9.3/../../../arm-none-eabi/lib/thumb/libg.a(lib_a-reallocr.o)
 .debug_abbrev  0x0000000000004c95       0x14 /usr/lib/gcc/arm-none-eabi/4.9.3/thumb/libgcc.a(_udivsi3.o)
 .debug_abbrev  0x0000000000004ca9       0x14 /usr/lib/gcc/arm-none-eabi/4.9.3/thumb/libgcc.a(_arm_addsubdf3.o)
 .debug_abbrev  0x0000000000004cbd       0x14 /usr/lib/gcc/arm-none-eabi/4.9.3/thumb/libgcc.a(_arm_muldivdf3.o)
 .debug_abbrev  0x0000000000004cd1       0x14 /usr/lib/gcc/arm-none-eabi/4.9.3/thumb/libgcc.a(_arm_cmpdf2.o)
 .debug_abbrev  0x0000000000004ce5       0x14 /usr/lib/gcc/arm-none-eabi/4.9.3/thumb/libgcc.a(_arm_fixdfsi.o)
 .debug_abbrev  0x0000000000004cf9       0x14 /usr/lib/gcc/arm-none-eabi/4.9.3/thumb/libgcc.a(_aeabi_uldivmod.o)
 .debug_abbrev  0x0000000000004d0d       0xb7 /usr/lib/gcc/arm-none-eabi/4.9.3/thumb/libgcc.a(bpabi.o)
 .debug_abbrev  0x0000000000004dc4       0xe0 /usr/lib/gcc/arm-none-eabi/4.9.3/thumb/libgcc.a(_muldi3.o)
 .debug_abbrev  0x0000000000004ea4      0x128 /usr/lib/gcc/arm-none-eabi/4.9.3/thumb/libgcc.a(_divdi3.o)
 .debug_abbrev  0x0000000000004fcc       0xc7 /usr/lib/gcc/arm-none-eabi/4.9.3/thumb/libgcc.a(_udivdi3.o)
 .debug_abbrev  0x0000000000005093       0x14 /usr/lib/gcc/arm-none-eabi/4.9.3/thumb/libgcc.a(_clzdi2.o)
 .debug_abbrev  0x00000000000050a7       0x14 /usr/lib/gcc/arm-none-eabi/4.9.3/thumb/libgcc.a(_clzsi2.o)

.debug_aranges  0x0000000000000000      0x818
 .debug_aranges
                0x0000000000000000       0x20 Source/portable/GCC/ARM7_AT91SAM7S/portISR.o
 .debug_aranges
                0x0000000000000020       0x20 ./SrcAtmel/Cstartup_SAM7.o
 .debug_aranges
                0x0000000000000040       0x20 ./USB/USB_ISR.o
 .debug_aranges
                0x0000000000000060       0x28 main.o
 .debug_aranges
                0x0000000000000088       0x20 ./ParTest/ParTest.o
 .debug_aranges
                0x00000000000000a8       0x20 Common/Minimal/BlockQ.o
 .debug_aranges
                0x00000000000000c8       0x20 Common/Minimal/blocktim.o
 .debug_aranges
                0x00000000000000e8       0x20 Common/Minimal/flash.o
 .debug_aranges
                0x0000000000000108       0x20 Common/Minimal/integer.o
 .debug_aranges
                0x0000000000000128       0x20 Common/Minimal/GenQTest.o
 .debug_aranges
                0x0000000000000148       0x20 Common/Minimal/QPeek.o
 .debug_aranges
                0x0000000000000168       0x20 Common/Minimal/dynamic.o
 .debug_aranges
                0x0000000000000188       0x20 Source/list.o
 .debug_aranges
                0x00000000000001a8       0x20 Source/queue.o
 .debug_aranges
                0x00000000000001c8       0x20 Source/tasks.o
 .debug_aranges
                0x00000000000001e8       0x20 Source/croutine.o
 .debug_aranges
                0x0000000000000208       0x20 Source/portable/GCC/ARM7_AT91SAM7S/port.o
 .debug_aranges
                0x0000000000000228       0x20 Source/portable/MemMang/heap_2.o
 .debug_aranges
                0x0000000000000248       0x20 ./LCD/lcd.o
 .debug_aranges
                0x0000000000000268       0x20 ./USB/USBSample.o
 .debug_aranges
                0x0000000000000288       0x20 syscalls.o
 .debug_aranges
                0x00000000000002a8       0x28 /tmp/ccpbndOW.o
 .debug_aranges
                0x00000000000002d0       0x20 /usr/lib/gcc/arm-none-eabi/4.9.3/thumb/libgcc.a(_divsi3.o)
 .debug_aranges
                0x00000000000002f0       0x20 /usr/lib/gcc/arm-none-eabi/4.9.3/thumb/libgcc.a(_dvmd_tls.o)
 .debug_aranges
                0x0000000000000310       0x20 /usr/lib/gcc/arm-none-eabi/4.9.3/../../../arm-none-eabi/lib/thumb/libg.a(lib_a-errno.o)
 .debug_aranges
                0x0000000000000330       0x18 /usr/lib/gcc/arm-none-eabi/4.9.3/../../../arm-none-eabi/lib/thumb/libg.a(lib_a-impure.o)
 .debug_aranges
                0x0000000000000348       0x20 /usr/lib/gcc/arm-none-eabi/4.9.3/../../../arm-none-eabi/lib/thumb/libg.a(lib_a-memcpy.o)
 .debug_aranges
                0x0000000000000368       0x20 /usr/lib/gcc/arm-none-eabi/4.9.3/../../../arm-none-eabi/lib/thumb/libg.a(lib_a-memset.o)
 .debug_aranges
                0x0000000000000388       0x28 /usr/lib/gcc/arm-none-eabi/4.9.3/../../../arm-none-eabi/lib/thumb/libg.a(lib_a-sprintf.o)
 .debug_aranges
                0x00000000000003b0       0x20 /usr/lib/gcc/arm-none-eabi/4.9.3/../../../arm-none-eabi/lib/thumb/libg.a(lib_a-stpcpy.o)
 .debug_aranges
                0x00000000000003d0       0x20 /usr/lib/gcc/arm-none-eabi/4.9.3/../../../arm-none-eabi/lib/thumb/libg.a(lib_a-strlen.o)
 .debug_aranges
                0x00000000000003f0       0x20 /usr/lib/gcc/arm-none-eabi/4.9.3/../../../arm-none-eabi/lib/thumb/libg.a(lib_a-svfprintf.o)
 .debug_aranges
                0x0000000000000410       0x28 /usr/lib/gcc/arm-none-eabi/4.9.3/../../../arm-none-eabi/lib/thumb/libg.a(lib_a-dtoa.o)
 .debug_aranges
                0x0000000000000438       0x58 /usr/lib/gcc/arm-none-eabi/4.9.3/../../../arm-none-eabi/lib/thumb/libg.a(lib_a-locale.o)
 .debug_aranges
                0x0000000000000490       0x20 /usr/lib/gcc/arm-none-eabi/4.9.3/../../../arm-none-eabi/lib/thumb/libg.a(lib_a-mallocr.o)
 .debug_aranges
                0x00000000000004b0       0x20 /usr/lib/gcc/arm-none-eabi/4.9.3/../../../arm-none-eabi/lib/thumb/libg.a(lib_a-memchr.o)
 .debug_aranges
                0x00000000000004d0       0x28 /usr/lib/gcc/arm-none-eabi/4.9.3/../../../arm-none-eabi/lib/thumb/libg.a(lib_a-mlock.o)
 .debug_aranges
                0x00000000000004f8       0xb0 /usr/lib/gcc/arm-none-eabi/4.9.3/../../../arm-none-eabi/lib/thumb/libg.a(lib_a-mprec.o)
 .debug_aranges
                0x00000000000005a8       0x20 /usr/lib/gcc/arm-none-eabi/4.9.3/../../../arm-none-eabi/lib/thumb/libg.a(lib_a-s_fpclassify.o)
 .debug_aranges
                0x00000000000005c8       0x20 /usr/lib/gcc/arm-none-eabi/4.9.3/../../../arm-none-eabi/lib/thumb/libg.a(lib_a-strcmp.o)
 .debug_aranges
                0x00000000000005e8       0x28 /usr/lib/gcc/arm-none-eabi/4.9.3/../../../arm-none-eabi/lib/thumb/libg.a(lib_a-svfiprintf.o)
 .debug_aranges
                0x0000000000000610       0x20 /usr/lib/gcc/arm-none-eabi/4.9.3/../../../arm-none-eabi/lib/thumb/libg.a(lib_a-callocr.o)
 .debug_aranges
                0x0000000000000630       0x28 /usr/lib/gcc/arm-none-eabi/4.9.3/../../../arm-none-eabi/lib/thumb/libg.a(lib_a-freer.o)
 .debug_aranges
                0x0000000000000658       0x20 /usr/lib/gcc/arm-none-eabi/4.9.3/../../../arm-none-eabi/lib/thumb/libg.a(lib_a-memmove.o)
 .debug_aranges
                0x0000000000000678       0x20 /usr/lib/gcc/arm-none-eabi/4.9.3/../../../arm-none-eabi/lib/thumb/libg.a(lib_a-reallocr.o)
 .debug_aranges
                0x0000000000000698       0x20 /usr/lib/gcc/arm-none-eabi/4.9.3/thumb/libgcc.a(_udivsi3.o)
 .debug_aranges
                0x00000000000006b8       0x20 /usr/lib/gcc/arm-none-eabi/4.9.3/thumb/libgcc.a(_arm_addsubdf3.o)
 .debug_aranges
                0x00000000000006d8       0x20 /usr/lib/gcc/arm-none-eabi/4.9.3/thumb/libgcc.a(_arm_muldivdf3.o)
 .debug_aranges
                0x00000000000006f8       0x20 /usr/lib/gcc/arm-none-eabi/4.9.3/thumb/libgcc.a(_arm_cmpdf2.o)
 .debug_aranges
                0x0000000000000718       0x20 /usr/lib/gcc/arm-none-eabi/4.9.3/thumb/libgcc.a(_arm_fixdfsi.o)
 .debug_aranges
                0x0000000000000738       0x20 /usr/lib/gcc/arm-none-eabi/4.9.3/thumb/libgcc.a(_aeabi_uldivmod.o)
 .debug_aranges
                0x0000000000000758       0x20 /usr/lib/gcc/arm-none-eabi/4.9.3/thumb/libgcc.a(bpabi.o)
 .debug_aranges
                0x0000000000000778       0x20 /usr/lib/gcc/arm-none-eabi/4.9.3/thumb/libgcc.a(_muldi3.o)
 .debug_aranges
                0x0000000000000798       0x20 /usr/lib/gcc/arm-none-eabi/4.9.3/thumb/libgcc.a(_divdi3.o)
 .debug_aranges
                0x00000000000007b8       0x20 /usr/lib/gcc/arm-none-eabi/4.9.3/thumb/libgcc.a(_udivdi3.o)
 .debug_aranges
                0x00000000000007d8       0x20 /usr/lib/gcc/arm-none-eabi/4.9.3/thumb/libgcc.a(_clzdi2.o)
 .debug_aranges
                0x00000000000007f8       0x20 /usr/lib/gcc/arm-none-eabi/4.9.3/thumb/libgcc.a(_clzsi2.o)

.debug_line     0x0000000000000000     0x72be
 .debug_line    0x0000000000000000      0x150 Source/portable/GCC/ARM7_AT91SAM7S/portISR.o
 .debug_line    0x0000000000000150       0xb2 ./SrcAtmel/Cstartup_SAM7.o
 .debug_line    0x0000000000000202      0x189 ./USB/USB_ISR.o
 .debug_line    0x000000000000038b      0x238 main.o
 .debug_line    0x00000000000005c3       0x94 ./ParTest/ParTest.o
 .debug_line    0x0000000000000657      0x1d7 Common/Minimal/BlockQ.o
 .debug_line    0x000000000000082e      0x21e Common/Minimal/blocktim.o
 .debug_line    0x0000000000000a4c      0x15c Common/Minimal/flash.o
 .debug_line    0x0000000000000ba8      0x13f Common/Minimal/integer.o
 .debug_line    0x0000000000000ce7      0x27d Common/Minimal/GenQTest.o
 .debug_line    0x0000000000000f64      0x1c4 Common/Minimal/QPeek.o
 .debug_line    0x0000000000001128      0x1e0 Common/Minimal/dynamic.o
 .debug_line    0x0000000000001308      0x13f Source/list.o
 .debug_line    0x0000000000001447      0x630 Source/queue.o
 .debug_line    0x0000000000001a77      0xa9f Source/tasks.o
 .debug_line    0x0000000000002516      0x230 Source/croutine.o
 .debug_line    0x0000000000002746      0x15e Source/portable/GCC/ARM7_AT91SAM7S/port.o
 .debug_line    0x00000000000028a4      0x1b1 Source/portable/MemMang/heap_2.o
 .debug_line    0x0000000000002a55      0x600 ./LCD/lcd.o
 .debug_line    0x0000000000003055      0x31f ./USB/USBSample.o
 .debug_line    0x0000000000003374       0xec syscalls.o
 .debug_line    0x0000000000003460       0x7e /tmp/ccpbndOW.o
 .debug_line    0x00000000000034de       0x87 /usr/lib/gcc/arm-none-eabi/4.9.3/thumb/libgcc.a(_divsi3.o)
 .debug_line    0x0000000000003565       0x5e /usr/lib/gcc/arm-none-eabi/4.9.3/thumb/libgcc.a(_dvmd_tls.o)
 .debug_line    0x00000000000035c3      0x10e /usr/lib/gcc/arm-none-eabi/4.9.3/../../../arm-none-eabi/lib/thumb/libg.a(lib_a-errno.o)
 .debug_line    0x00000000000036d1       0xf1 /usr/lib/gcc/arm-none-eabi/4.9.3/../../../arm-none-eabi/lib/thumb/libg.a(lib_a-impure.o)
 .debug_line    0x00000000000037c2      0x114 /usr/lib/gcc/arm-none-eabi/4.9.3/../../../arm-none-eabi/lib/thumb/libg.a(lib_a-memcpy.o)
 .debug_line    0x00000000000038d6      0x10f /usr/lib/gcc/arm-none-eabi/4.9.3/../../../arm-none-eabi/lib/thumb/libg.a(lib_a-memset.o)
 .debug_line    0x00000000000039e5      0x1b7 /usr/lib/gcc/arm-none-eabi/4.9.3/../../../arm-none-eabi/lib/thumb/libg.a(lib_a-sprintf.o)
 .debug_line    0x0000000000003b9c       0xc4 /usr/lib/gcc/arm-none-eabi/4.9.3/../../../arm-none-eabi/lib/thumb/libg.a(lib_a-stpcpy.o)
 .debug_line    0x0000000000003c60      0x100 /usr/lib/gcc/arm-none-eabi/4.9.3/../../../arm-none-eabi/lib/thumb/libg.a(lib_a-strlen.o)
 .debug_line    0x0000000000003d60      0x8fe /usr/lib/gcc/arm-none-eabi/4.9.3/../../../arm-none-eabi/lib/thumb/libg.a(lib_a-svfprintf.o)
 .debug_line    0x000000000000465e      0x658 /usr/lib/gcc/arm-none-eabi/4.9.3/../../../arm-none-eabi/lib/thumb/libg.a(lib_a-dtoa.o)
 .debug_line    0x0000000000004cb6      0x1ff /usr/lib/gcc/arm-none-eabi/4.9.3/../../../arm-none-eabi/lib/thumb/libg.a(lib_a-locale.o)
 .debug_line    0x0000000000004eb5      0x378 /usr/lib/gcc/arm-none-eabi/4.9.3/../../../arm-none-eabi/lib/thumb/libg.a(lib_a-mallocr.o)
 .debug_line    0x000000000000522d      0x112 /usr/lib/gcc/arm-none-eabi/4.9.3/../../../arm-none-eabi/lib/thumb/libg.a(lib_a-memchr.o)
 .debug_line    0x000000000000533f      0x111 /usr/lib/gcc/arm-none-eabi/4.9.3/../../../arm-none-eabi/lib/thumb/libg.a(lib_a-mlock.o)
 .debug_line    0x0000000000005450      0x6eb /usr/lib/gcc/arm-none-eabi/4.9.3/../../../arm-none-eabi/lib/thumb/libg.a(lib_a-mprec.o)
 .debug_line    0x0000000000005b3b      0x146 /usr/lib/gcc/arm-none-eabi/4.9.3/../../../arm-none-eabi/lib/thumb/libg.a(lib_a-s_fpclassify.o)
 .debug_line    0x0000000000005c81       0xfc /usr/lib/gcc/arm-none-eabi/4.9.3/../../../arm-none-eabi/lib/thumb/libg.a(lib_a-strcmp.o)
 .debug_line    0x0000000000005d7d      0x664 /usr/lib/gcc/arm-none-eabi/4.9.3/../../../arm-none-eabi/lib/thumb/libg.a(lib_a-svfiprintf.o)
 .debug_line    0x00000000000063e1      0x135 /usr/lib/gcc/arm-none-eabi/4.9.3/../../../arm-none-eabi/lib/thumb/libg.a(lib_a-callocr.o)
 .debug_line    0x0000000000006516      0x238 /usr/lib/gcc/arm-none-eabi/4.9.3/../../../arm-none-eabi/lib/thumb/libg.a(lib_a-freer.o)
 .debug_line    0x000000000000674e      0x115 /usr/lib/gcc/arm-none-eabi/4.9.3/../../../arm-none-eabi/lib/thumb/libg.a(lib_a-memmove.o)
 .debug_line    0x0000000000006863      0x278 /usr/lib/gcc/arm-none-eabi/4.9.3/../../../arm-none-eabi/lib/thumb/libg.a(lib_a-reallocr.o)
 .debug_line    0x0000000000006adb       0x7b /usr/lib/gcc/arm-none-eabi/4.9.3/thumb/libgcc.a(_udivsi3.o)
 .debug_line    0x0000000000006b56      0x161 /usr/lib/gcc/arm-none-eabi/4.9.3/thumb/libgcc.a(_arm_addsubdf3.o)
 .debug_line    0x0000000000006cb7      0x17d /usr/lib/gcc/arm-none-eabi/4.9.3/thumb/libgcc.a(_arm_muldivdf3.o)
 .debug_line    0x0000000000006e34       0xab /usr/lib/gcc/arm-none-eabi/4.9.3/thumb/libgcc.a(_arm_cmpdf2.o)
 .debug_line    0x0000000000006edf       0x75 /usr/lib/gcc/arm-none-eabi/4.9.3/thumb/libgcc.a(_arm_fixdfsi.o)
 .debug_line    0x0000000000006f54       0x61 /usr/lib/gcc/arm-none-eabi/4.9.3/thumb/libgcc.a(_aeabi_uldivmod.o)
 .debug_line    0x0000000000006fb5       0x68 /usr/lib/gcc/arm-none-eabi/4.9.3/thumb/libgcc.a(bpabi.o)
 .debug_line    0x000000000000701d       0x89 /usr/lib/gcc/arm-none-eabi/4.9.3/thumb/libgcc.a(_muldi3.o)
 .debug_line    0x00000000000070a6       0xab /usr/lib/gcc/arm-none-eabi/4.9.3/thumb/libgcc.a(_divdi3.o)
 .debug_line    0x0000000000007151       0x9a /usr/lib/gcc/arm-none-eabi/4.9.3/thumb/libgcc.a(_udivdi3.o)
 .debug_line    0x00000000000071eb       0x68 /usr/lib/gcc/arm-none-eabi/4.9.3/thumb/libgcc.a(_clzdi2.o)
 .debug_line    0x0000000000007253       0x6b /usr/lib/gcc/arm-none-eabi/4.9.3/thumb/libgcc.a(_clzsi2.o)

.debug_str      0x0000000000000000     0x4409
 .debug_str     0x0000000000000000      0x32a Source/portable/GCC/ARM7_AT91SAM7S/portISR.o
                                        0x377 (size before relaxing)
 .debug_str     0x000000000000032a      0x15b ./SrcAtmel/Cstartup_SAM7.o
                                        0x236 (size before relaxing)
 .debug_str     0x0000000000000485      0x150 ./USB/USB_ISR.o
                                        0x3df (size before relaxing)
 .debug_str     0x00000000000005d5      0x504 main.o
                                        0x79b (size before relaxing)
 .debug_str     0x0000000000000ad9       0x3a ./ParTest/ParTest.o
                                        0x307 (size before relaxing)
 .debug_str     0x0000000000000b13      0x21f Common/Minimal/BlockQ.o
                                        0x4b8 (size before relaxing)
 .debug_str     0x0000000000000d32      0x13e Common/Minimal/blocktim.o
                                        0x40b (size before relaxing)
 .debug_str     0x0000000000000e70       0x7e Common/Minimal/flash.o
                                        0x2f5 (size before relaxing)
 .debug_str     0x0000000000000eee       0x92 Common/Minimal/integer.o
                                        0x2e3 (size before relaxing)
 .debug_str     0x0000000000000f80      0x1d1 Common/Minimal/GenQTest.o
                                        0x4b9 (size before relaxing)
 .debug_str     0x0000000000001151       0xd3 Common/Minimal/QPeek.o
                                        0x3db (size before relaxing)
 .debug_str     0x0000000000001224      0x1e7 Common/Minimal/dynamic.o
                                        0x509 (size before relaxing)
 .debug_str     0x000000000000140b      0x12b Source/list.o
                                        0x2a3 (size before relaxing)
 .debug_str     0x0000000000001536      0x4c2 Source/queue.o
                                        0x855 (size before relaxing)
 .debug_str     0x00000000000019f8      0x979 Source/tasks.o
                                        0xf7f (size before relaxing)
 .debug_str     0x0000000000002371      0x20d Source/croutine.o
                                        0x583 (size before relaxing)
 .debug_str     0x000000000000257e       0x61 Source/portable/GCC/ARM7_AT91SAM7S/port.o
                                        0x386 (size before relaxing)
 .debug_str     0x00000000000025df      0x13e Source/portable/MemMang/heap_2.o
                                        0x30d (size before relaxing)
 .debug_str     0x000000000000271d      0x1f3 ./LCD/lcd.o
                                        0x588 (size before relaxing)
 .debug_str     0x0000000000002910      0x451 ./USB/USBSample.o
                                        0xa8b (size before relaxing)
 .debug_str     0x0000000000002d61      0x4c6 syscalls.o
                                        0x669 (size before relaxing)
 .debug_str     0x0000000000003227       0xf8 /usr/lib/gcc/arm-none-eabi/4.9.3/../../../arm-none-eabi/lib/thumb/libg.a(lib_a-errno.o)
                                        0x554 (size before relaxing)
 .debug_str     0x000000000000331f       0xae /usr/lib/gcc/arm-none-eabi/4.9.3/../../../arm-none-eabi/lib/thumb/libg.a(lib_a-impure.o)
                                        0x56c (size before relaxing)
 .debug_str     0x00000000000033cd       0xb8 /usr/lib/gcc/arm-none-eabi/4.9.3/../../../arm-none-eabi/lib/thumb/libg.a(lib_a-memcpy.o)
                                        0x1c2 (size before relaxing)
 .debug_str     0x0000000000003485       0x42 /usr/lib/gcc/arm-none-eabi/4.9.3/../../../arm-none-eabi/lib/thumb/libg.a(lib_a-memset.o)
                                        0x1af (size before relaxing)
 .debug_str     0x00000000000034c7       0xc6 /usr/lib/gcc/arm-none-eabi/4.9.3/../../../arm-none-eabi/lib/thumb/libg.a(lib_a-sprintf.o)
                                        0x599 (size before relaxing)
 .debug_str     0x000000000000358d       0x2e /usr/lib/gcc/arm-none-eabi/4.9.3/../../../arm-none-eabi/lib/thumb/libg.a(lib_a-stpcpy.o)
                                        0x1ac (size before relaxing)
 .debug_str     0x00000000000035bb       0x34 /usr/lib/gcc/arm-none-eabi/4.9.3/../../../arm-none-eabi/lib/thumb/libg.a(lib_a-strlen.o)
                                        0x1ae (size before relaxing)
 .debug_str     0x00000000000035ef      0x335 /usr/lib/gcc/arm-none-eabi/4.9.3/../../../arm-none-eabi/lib/thumb/libg.a(lib_a-svfprintf.o)
                                        0x8fb (size before relaxing)
 .debug_str     0x0000000000003924      0x1ad /usr/lib/gcc/arm-none-eabi/4.9.3/../../../arm-none-eabi/lib/thumb/libg.a(lib_a-dtoa.o)
                                        0x6be (size before relaxing)
 .debug_str     0x0000000000003ad1      0x178 /usr/lib/gcc/arm-none-eabi/4.9.3/../../../arm-none-eabi/lib/thumb/libg.a(lib_a-locale.o)
                                        0x7c9 (size before relaxing)